Mar 18 21:26:48 shshimad kernel: [    0.000000] Linux version 6.14.0-rc7 (root@shshimad) (gcc (GCC) 8.2.0, GNU ld (GNU Binutils) 2.31.1) #1 SMP PREEMPT_DYNAMIC Tue Mar 18 18:32:04 JST 2025
Mar 18 21:26:48 shshimad kernel: [    0.000000] Command line: BOOT_IMAGE=/vmlinuz-6.14-rc7-shshimad root=/dev/sda2 ro
Mar 18 21:26:48 shshimad kernel: [    0.000000] BIOS-provided physical RAM map:
Mar 18 21:26:48 shshimad kernel: [    0.000000] BIOS-e820: [mem 0x0000000000000000-0x000000000009fbff] usable
Mar 18 21:26:48 shshimad kernel: [    0.000000] BIOS-e820: [mem 0x000000000009fc00-0x000000000009ffff] reserved
Mar 18 21:26:48 shshimad kernel: [    0.000000] BIOS-e820: [mem 0x00000000000f0000-0x00000000000fffff] reserved
Mar 18 21:26:48 shshimad kernel: [    0.000000] BIOS-e820: [mem 0x0000000000100000-0x00000000dffeffff] usable
Mar 18 21:26:48 shshimad kernel: [    0.000000] BIOS-e820: [mem 0x00000000dfff0000-0x00000000dfffffff] ACPI data
Mar 18 21:26:48 shshimad kernel: [    0.000000] BIOS-e820: [mem 0x00000000fec00000-0x00000000fec00fff] reserved
Mar 18 21:26:48 shshimad kernel: [    0.000000] BIOS-e820: [mem 0x00000000fee00000-0x00000000fee00fff] reserved
Mar 18 21:26:48 shshimad kernel: [    0.000000] BIOS-e820: [mem 0x00000000fffc0000-0x00000000ffffffff] reserved
Mar 18 21:26:48 shshimad kernel: [    0.000000] BIOS-e820: [mem 0x0000000100000000-0x000000015fffffff] usable
Mar 18 21:26:48 shshimad kernel: [    0.000000] NX (Execute Disable) protection: active
Mar 18 21:26:48 shshimad kernel: [    0.000000] APIC: Static calls initialized
Mar 18 21:26:48 shshimad kernel: [    0.000000] SMBIOS 2.5 present.
Mar 18 21:26:48 shshimad kernel: [    0.000000] DMI: innotek GmbH VirtualBox/VirtualBox, BIOS VirtualBox 12/01/2006
Mar 18 21:26:48 shshimad kernel: [    0.000000] DMI: Memory slots populated: 0/0
Mar 18 21:26:48 shshimad kernel: [    0.000000] Hypervisor detected: KVM
Mar 18 21:26:48 shshimad kernel: [    0.000000] kvm-clock: Using msrs 4b564d01 and 4b564d00
Mar 18 21:26:48 shshimad kernel: [    0.000001] kvm-clock: using sched offset of 114285007582 cycles
Mar 18 21:26:48 shshimad kernel: [    0.000003] clocksource: kvm-clock: mask: 0xffffffffffffffff max_cycles: 0x1cd42e4dffb, max_idle_ns: 881590591483 ns
Mar 18 21:26:48 shshimad kernel: [    0.000006] tsc: Detected 1394.414 MHz processor
Mar 18 21:26:48 shshimad kernel: [    0.001056] e820: update [mem 0x00000000-0x00000fff] usable ==> reserved
Mar 18 21:26:48 shshimad kernel: [    0.001059] e820: remove [mem 0x000a0000-0x000fffff] usable
Mar 18 21:26:48 shshimad kernel: [    0.001063] last_pfn = 0x160000 max_arch_pfn = 0x400000000
Mar 18 21:26:48 shshimad kernel: [    0.001115] MTRRs disabled by BIOS
Mar 18 21:26:48 shshimad kernel: [    0.001130] x86/PAT: Configuration [0-7]: WB  WC  UC- UC  WB  WP  UC- WT  
Mar 18 21:26:48 shshimad kernel: [    0.001161] last_pfn = 0xe0000 max_arch_pfn = 0x400000000
Mar 18 21:26:48 shshimad kernel: [    0.001207] found SMP MP-table at [mem 0x0009fff0-0x0009ffff]
Mar 18 21:26:48 shshimad kernel: [    0.001327] ACPI: Early table checksum verification disabled
Mar 18 21:26:48 shshimad kernel: [    0.001330] ACPI: RSDP 0x00000000000E0000 000024 (v02 VBOX  )
Mar 18 21:26:48 shshimad kernel: [    0.001333] ACPI: XSDT 0x00000000DFFF0030 00003C (v01 VBOX   VBOXXSDT 00000001 ASL  00000061)
Mar 18 21:26:48 shshimad kernel: [    0.001338] ACPI: FACP 0x00000000DFFF00F0 0000F4 (v04 VBOX   VBOXFACP 00000001 ASL  00000061)
Mar 18 21:26:48 shshimad kernel: [    0.001343] ACPI: DSDT 0x00000000DFFF0620 002353 (v02 VBOX   VBOXBIOS 00000002 INTL 20210930)
Mar 18 21:26:48 shshimad kernel: [    0.001346] ACPI: FACS 0x00000000DFFF0200 000040
Mar 18 21:26:48 shshimad kernel: [    0.001349] ACPI: FACS 0x00000000DFFF0200 000040
Mar 18 21:26:48 shshimad kernel: [    0.001352] ACPI: APIC 0x00000000DFFF0240 00006C (v02 VBOX   VBOXAPIC 00000001 ASL  00000061)
Mar 18 21:26:48 shshimad kernel: [    0.001354] ACPI: SSDT 0x00000000DFFF02B0 00036C (v01 VBOX   VBOXCPUT 00000002 INTL 20210930)
Mar 18 21:26:48 shshimad kernel: [    0.001356] ACPI: Reserving FACP table memory at [mem 0xdfff00f0-0xdfff01e3]
Mar 18 21:26:48 shshimad kernel: [    0.001358] ACPI: Reserving DSDT table memory at [mem 0xdfff0620-0xdfff2972]
Mar 18 21:26:48 shshimad kernel: [    0.001358] ACPI: Reserving FACS table memory at [mem 0xdfff0200-0xdfff023f]
Mar 18 21:26:48 shshimad kernel: [    0.001359] ACPI: Reserving FACS table memory at [mem 0xdfff0200-0xdfff023f]
Mar 18 21:26:48 shshimad kernel: [    0.001359] ACPI: Reserving APIC table memory at [mem 0xdfff0240-0xdfff02ab]
Mar 18 21:26:48 shshimad kernel: [    0.001360] ACPI: Reserving SSDT table memory at [mem 0xdfff02b0-0xdfff061b]
Mar 18 21:26:48 shshimad kernel: [    0.002771] No NUMA configuration found
Mar 18 21:26:48 shshimad kernel: [    0.002773] Faking a node at [mem 0x0000000000000000-0x000000015fffffff]
Mar 18 21:26:48 shshimad kernel: [    0.002777] NODE_DATA(0) allocated [mem 0x15fff8940-0x15fffbfff]
Mar 18 21:26:48 shshimad kernel: [    0.002790] Zone ranges:
Mar 18 21:26:48 shshimad kernel: [    0.002791]   DMA      [mem 0x0000000000001000-0x0000000000ffffff]
Mar 18 21:26:48 shshimad kernel: [    0.002792]   DMA32    [mem 0x0000000001000000-0x00000000ffffffff]
Mar 18 21:26:48 shshimad kernel: [    0.002794]   Normal   [mem 0x0000000100000000-0x000000015fffffff]
Mar 18 21:26:48 shshimad kernel: [    0.002795] Movable zone start for each node
Mar 18 21:26:48 shshimad kernel: [    0.002795] Early memory node ranges
Mar 18 21:26:48 shshimad kernel: [    0.002796]   node   0: [mem 0x0000000000001000-0x000000000009efff]
Mar 18 21:26:48 shshimad kernel: [    0.002797]   node   0: [mem 0x0000000000100000-0x00000000dffeffff]
Mar 18 21:26:48 shshimad kernel: [    0.002798]   node   0: [mem 0x0000000100000000-0x000000015fffffff]
Mar 18 21:26:48 shshimad kernel: [    0.002799] Initmem setup node 0 [mem 0x0000000000001000-0x000000015fffffff]
Mar 18 21:26:48 shshimad kernel: [    0.002802] On node 0, zone DMA: 1 pages in unavailable ranges
Mar 18 21:26:48 shshimad kernel: [    0.002820] On node 0, zone DMA: 97 pages in unavailable ranges
Mar 18 21:26:48 shshimad kernel: [    0.009543] On node 0, zone Normal: 16 pages in unavailable ranges
Mar 18 21:26:48 shshimad kernel: [    0.012311] ACPI: PM-Timer IO Port: 0x4008
Mar 18 21:26:48 shshimad kernel: [    0.012542] IOAPIC[0]: apic_id 4, version 32, address 0xfec00000, GSI 0-23
Mar 18 21:26:48 shshimad kernel: [    0.012547] ACPI: INT_SRC_OVR (bus 0 bus_irq 0 global_irq 2 dfl dfl)
Mar 18 21:26:48 shshimad kernel: [    0.012549] ACPI: INT_SRC_OVR (bus 0 bus_irq 9 global_irq 9 low level)
Mar 18 21:26:48 shshimad kernel: [    0.012558] ACPI: Using ACPI (MADT) for SMP configuration information
Mar 18 21:26:48 shshimad kernel: [    0.012563] CPU topo: Max. logical packages:   1
Mar 18 21:26:48 shshimad kernel: [    0.012564] CPU topo: Max. logical dies:       1
Mar 18 21:26:48 shshimad kernel: [    0.012564] CPU topo: Max. dies per package:   1
Mar 18 21:26:48 shshimad kernel: [    0.012568] CPU topo: Max. threads per core:   1
Mar 18 21:26:48 shshimad kernel: [    0.012569] CPU topo: Num. cores per package:     4
Mar 18 21:26:48 shshimad kernel: [    0.012569] CPU topo: Num. threads per package:   4
Mar 18 21:26:48 shshimad kernel: [    0.012569] CPU topo: Allowing 4 present CPUs plus 0 hotplug CPUs
Mar 18 21:26:48 shshimad kernel: [    0.012657] PM: hibernation: Registered nosave memory: [mem 0x00000000-0x00000fff]
Mar 18 21:26:48 shshimad kernel: [    0.012659] PM: hibernation: Registered nosave memory: [mem 0x0009f000-0x0009ffff]
Mar 18 21:26:48 shshimad kernel: [    0.012659] PM: hibernation: Registered nosave memory: [mem 0x000a0000-0x000effff]
Mar 18 21:26:48 shshimad kernel: [    0.012660] PM: hibernation: Registered nosave memory: [mem 0x000f0000-0x000fffff]
Mar 18 21:26:48 shshimad kernel: [    0.012661] PM: hibernation: Registered nosave memory: [mem 0xdfff0000-0xdfffffff]
Mar 18 21:26:48 shshimad kernel: [    0.012661] PM: hibernation: Registered nosave memory: [mem 0xe0000000-0xfebfffff]
Mar 18 21:26:48 shshimad kernel: [    0.012662] PM: hibernation: Registered nosave memory: [mem 0xfec00000-0xfec00fff]
Mar 18 21:26:48 shshimad kernel: [    0.012662] PM: hibernation: Registered nosave memory: [mem 0xfec01000-0xfedfffff]
Mar 18 21:26:48 shshimad kernel: [    0.012663] PM: hibernation: Registered nosave memory: [mem 0xfee00000-0xfee00fff]
Mar 18 21:26:48 shshimad kernel: [    0.012663] PM: hibernation: Registered nosave memory: [mem 0xfee01000-0xfffbffff]
Mar 18 21:26:48 shshimad kernel: [    0.012663] PM: hibernation: Registered nosave memory: [mem 0xfffc0000-0xffffffff]
Mar 18 21:26:48 shshimad kernel: [    0.012665] [mem 0xe0000000-0xfebfffff] available for PCI devices
Mar 18 21:26:48 shshimad kernel: [    0.012666] Booting paravirtualized kernel on KVM
Mar 18 21:26:48 shshimad kernel: [    0.012668] clocksource: refined-jiffies: mask: 0xffffffff max_cycles: 0xffffffff, max_idle_ns: 1910969940391419 ns
Mar 18 21:26:48 shshimad kernel: [    0.017901] setup_percpu: NR_CPUS:64 nr_cpumask_bits:4 nr_cpu_ids:4 nr_node_ids:1
Mar 18 21:26:48 shshimad kernel: [    0.018122] percpu: Embedded 56 pages/cpu s191512 r8192 d29672 u524288
Mar 18 21:26:48 shshimad kernel: [    0.018127] pcpu-alloc: s191512 r8192 d29672 u524288 alloc=1*2097152
Mar 18 21:26:48 shshimad kernel: [    0.018129] pcpu-alloc: [0] 0 1 2 3 
Mar 18 21:26:48 shshimad kernel: [    0.018212] Kernel command line: BOOT_IMAGE=/vmlinuz-6.14-rc7-shshimad root=/dev/sda2 ro
Mar 18 21:26:48 shshimad kernel: [    0.018246] Unknown kernel command line parameters "BOOT_IMAGE=/vmlinuz-6.14-rc7-shshimad", will be passed to user space.
Mar 18 21:26:48 shshimad kernel: [    0.018272] random: crng init done
Mar 18 21:26:48 shshimad kernel: [    0.018273] printk: log buffer data + meta data: 262144 + 917504 = 1179648 bytes
Mar 18 21:26:48 shshimad kernel: [    0.018945] Dentry cache hash table entries: 1048576 (order: 11, 8388608 bytes, linear)
Mar 18 21:26:48 shshimad kernel: [    0.019285] Inode-cache hash table entries: 524288 (order: 10, 4194304 bytes, linear)
Mar 18 21:26:48 shshimad kernel: [    0.019470] Fallback order for Node 0: 0 
Mar 18 21:26:48 shshimad kernel: [    0.019472] Built 1 zonelists, mobility grouping on.  Total pages: 1310606
Mar 18 21:26:48 shshimad kernel: [    0.019473] Policy zone: Normal
Mar 18 21:26:48 shshimad kernel: [    0.019474] mem auto-init: stack:off, heap alloc:off, heap free:off
Mar 18 21:26:48 shshimad kernel: [    0.019478] software IO TLB: area num 4.
Mar 18 21:26:48 shshimad kernel: [    0.038003] SLUB: HWalign=64, Order=0-3, MinObjects=0, CPUs=4, Nodes=1
Mar 18 21:26:48 shshimad kernel: [    0.038018] Kernel/User page tables isolation: enabled
Mar 18 21:26:48 shshimad kernel: [    0.039046] Dynamic Preempt: voluntary
Mar 18 21:26:48 shshimad kernel: [    0.039072] rcu: Preemptible hierarchical RCU implementation.
Mar 18 21:26:48 shshimad kernel: [    0.039073] rcu: ^IRCU event tracing is enabled.
Mar 18 21:26:48 shshimad kernel: [    0.039073] rcu: ^IRCU restricting CPUs from NR_CPUS=64 to nr_cpu_ids=4.
Mar 18 21:26:48 shshimad kernel: [    0.039074] ^ITrampoline variant of Tasks RCU enabled.
Mar 18 21:26:48 shshimad kernel: [    0.039074] ^ITracing variant of Tasks RCU enabled.
Mar 18 21:26:48 shshimad kernel: [    0.039075] rcu: RCU calculated value of scheduler-enlistment delay is 100 jiffies.
Mar 18 21:26:48 shshimad kernel: [    0.039076] rcu: Adjusting geometry for rcu_fanout_leaf=16, nr_cpu_ids=4
Mar 18 21:26:48 shshimad kernel: [    0.039081] RCU Tasks: Setting shift to 2 and lim to 1 rcu_task_cb_adjust=1 rcu_task_cpu_ids=4.
Mar 18 21:26:48 shshimad kernel: [    0.039083] RCU Tasks Trace: Setting shift to 2 and lim to 1 rcu_task_cb_adjust=1 rcu_task_cpu_ids=4.
Mar 18 21:26:48 shshimad kernel: [    0.042018] NR_IRQS: 4352, nr_irqs: 456, preallocated irqs: 16
Mar 18 21:26:48 shshimad kernel: [    0.042804] rcu: srcu_init: Setting srcu_struct sizes based on contention.
Mar 18 21:26:48 shshimad kernel: [    0.070651] Console: colour VGA+ 80x25
Mar 18 21:26:48 shshimad kernel: [    0.070654] printk: legacy console [tty0] enabled
Mar 18 21:26:48 shshimad kernel: [    0.243534] ACPI: Core revision 20240827
Mar 18 21:26:48 shshimad kernel: [    0.245566] APIC: Switch to symmetric I/O mode setup
Mar 18 21:26:48 shshimad kernel: [    0.248473] x2apic enabled
Mar 18 21:26:48 shshimad kernel: [    0.251556] APIC: Switched APIC routing to: physical x2apic
Mar 18 21:26:48 shshimad kernel: [    0.259660] ..TIMER: vector=0x30 apic1=0 pin1=2 apic2=-1 pin2=-1
Mar 18 21:26:48 shshimad kernel: [    0.261181] clocksource: tsc-early: mask: 0xffffffffffffffff max_cycles: 0x1419837cc80, max_idle_ns: 440795240694 ns
Mar 18 21:26:48 shshimad kernel: [    0.264416] Calibrating delay loop (skipped) preset value.. 2788.82 BogoMIPS (lpj=1394414)
Mar 18 21:26:48 shshimad kernel: [    0.266712] Last level iTLB entries: 4KB 64, 2MB 8, 4MB 8
Mar 18 21:26:48 shshimad kernel: [    0.267415] Last level dTLB entries: 4KB 64, 2MB 32, 4MB 32, 1GB 4
Mar 18 21:26:48 shshimad kernel: [    0.268449] Spectre V1 : Mitigation: usercopy/swapgs barriers and __user pointer sanitization
Mar 18 21:26:48 shshimad kernel: [    0.269416] Spectre V2 : Mitigation: Retpolines
Mar 18 21:26:48 shshimad kernel: [    0.270415] Spectre V2 : Spectre v2 / SpectreRSB mitigation: Filling RSB on context switch
Mar 18 21:26:48 shshimad kernel: [    0.271415] Spectre V2 : Spectre v2 / SpectreRSB : Filling RSB on VMEXIT
Mar 18 21:26:48 shshimad kernel: [    0.272415] RETBleed: WARNING: Spectre v2 mitigation leaves CPU vulnerable to RETBleed attacks, data leaks possible!
Mar 18 21:26:48 shshimad kernel: [    0.273416] RETBleed: Vulnerable
Mar 18 21:26:48 shshimad kernel: [    0.274187] Speculative Store Bypass: Vulnerable
Mar 18 21:26:48 shshimad kernel: [    0.274422] MDS: Mitigation: Clear CPU buffers
Mar 18 21:26:48 shshimad kernel: [    0.275415] MMIO Stale Data: Mitigation: Clear CPU buffers
Mar 18 21:26:48 shshimad kernel: [    0.276415] SRBDS: Unknown: Dependent on hypervisor status
Mar 18 21:26:48 shshimad kernel: [    0.277415] GDS: Unknown: Dependent on hypervisor status
Mar 18 21:26:48 shshimad kernel: [    0.278497] x86/fpu: Supporting XSAVE feature 0x001: 'x87 floating point registers'
Mar 18 21:26:48 shshimad kernel: [    0.279415] x86/fpu: Supporting XSAVE feature 0x002: 'SSE registers'
Mar 18 21:26:48 shshimad kernel: [    0.280418] x86/fpu: Supporting XSAVE feature 0x004: 'AVX registers'
Mar 18 21:26:48 shshimad kernel: [    0.281415] x86/fpu: xstate_offset[2]:  576, xstate_sizes[2]:  256
Mar 18 21:26:48 shshimad kernel: [    0.283415] x86/fpu: Enabled xstate features 0x7, context size is 832 bytes, using 'standard' format.
Mar 18 21:26:48 shshimad kernel: [    0.300690] Freeing SMP alternatives memory: 52K
Mar 18 21:26:48 shshimad kernel: [    0.301420] pid_max: default: 32768 minimum: 301
Mar 18 21:26:48 shshimad kernel: [    0.302434] LSM: initializing lsm=capability,selinux
Mar 18 21:26:48 shshimad kernel: [    0.303433] SELinux:  Initializing.
Mar 18 21:26:48 shshimad kernel: [    0.304536] Mount-cache hash table entries: 16384 (order: 5, 131072 bytes, linear)
Mar 18 21:26:48 shshimad kernel: [    0.305420] Mountpoint-cache hash table entries: 16384 (order: 5, 131072 bytes, linear)
Mar 18 21:26:48 shshimad kernel: [    0.410629] smpboot: CPU0: Intel(R) Core(TM) i5-8257U CPU @ 1.40GHz (family: 0x6, model: 0x8e, stepping: 0xa)
Mar 18 21:26:48 shshimad kernel: [    0.411570] Performance Events: unsupported p6 CPU model 142 no PMU driver, software events only.
Mar 18 21:26:48 shshimad kernel: [    0.412450] signal: max sigframe size: 1776
Mar 18 21:26:48 shshimad kernel: [    0.413460] rcu: Hierarchical SRCU implementation.
Mar 18 21:26:48 shshimad kernel: [    0.414416] rcu: ^IMax phase no-delay instances is 400.
Mar 18 21:26:48 shshimad kernel: [    0.415471] Timer migration: 1 hierarchy levels; 8 children per group; 1 crossnode level
Mar 18 21:26:48 shshimad kernel: [    0.416575] smp: Bringing up secondary CPUs ...
Mar 18 21:26:48 shshimad kernel: [    0.417492] smpboot: x86: Booting SMP configuration:
Mar 18 21:26:48 shshimad kernel: [    0.418417] .... node  #0, CPUs:      #1 #2 #3
Mar 18 21:26:48 shshimad kernel: [    0.426593] smp: Brought up 1 node, 4 CPUs
Mar 18 21:26:48 shshimad kernel: [    0.427419] smpboot: Total of 4 processors activated (11155.31 BogoMIPS)
Mar 18 21:26:48 shshimad kernel: [    0.428648] Memory: 5036340K/5242424K available (17883K kernel code, 2877K rwdata, 7320K rodata, 2856K init, 808K bss, 201072K reserved, 0K cma-reserved)
Mar 18 21:26:48 shshimad kernel: [    0.429701] devtmpfs: initialized
Mar 18 21:26:48 shshimad kernel: [    0.430412] clocksource: jiffies: mask: 0xffffffff max_cycles: 0xffffffff, max_idle_ns: 1911260446275000 ns
Mar 18 21:26:48 shshimad kernel: [    0.430417] futex hash table entries: 1024 (order: 4, 65536 bytes, linear)
Mar 18 21:26:48 shshimad kernel: [    0.431415] PM: RTC time: 12:26:44, date: 2025-03-18
Mar 18 21:26:48 shshimad kernel: [    0.432412] NET: Registered PF_NETLINK/PF_ROUTE protocol family
Mar 18 21:26:48 shshimad kernel: [    0.432494] audit: initializing netlink subsys (disabled)
Mar 18 21:26:48 shshimad kernel: [    0.433447] audit: type=2000 audit(1742300920.632:1): state=initialized audit_enabled=0 res=1
Mar 18 21:26:48 shshimad kernel: [    0.433553] thermal_sys: Registered thermal governor 'step_wise'
Mar 18 21:26:48 shshimad kernel: [    0.434412] cpuidle: using governor menu
Mar 18 21:26:48 shshimad kernel: [    0.435973] PCI: Using configuration type 1 for base access
Mar 18 21:26:48 shshimad kernel: [    0.436412] kprobes: kprobe jump-optimization is enabled. All kprobes are optimized if possible.
Mar 18 21:26:48 shshimad kernel: [    0.438412] HugeTLB: registered 2.00 MiB page size, pre-allocated 0 pages
Mar 18 21:26:48 shshimad kernel: [    0.442415] HugeTLB: 28 KiB vmemmap can be freed for a 2.00 MiB page
Mar 18 21:26:48 shshimad kernel: [    0.447465] ACPI: Added _OSI(Module Device)
Mar 18 21:26:48 shshimad kernel: [    0.450415] ACPI: Added _OSI(Processor Device)
Mar 18 21:26:48 shshimad kernel: [    0.452415] ACPI: Added _OSI(3.0 _SCP Extensions)
Mar 18 21:26:48 shshimad kernel: [    0.457428] ACPI: Added _OSI(Processor Aggregator Device)
Mar 18 21:26:48 shshimad kernel: [    0.461586] ACPI: 2 ACPI AML tables successfully acquired and loaded
Mar 18 21:26:48 shshimad kernel: [    0.467604] ACPI: Interpreter enabled
Mar 18 21:26:48 shshimad kernel: [    0.467604] ACPI: PM: (supports S0 S5)
Mar 18 21:26:48 shshimad kernel: [    0.468412] ACPI: Using IOAPIC for interrupt routing
Mar 18 21:26:48 shshimad kernel: [    0.469683] PCI: Using host bridge windows from ACPI; if necessary, use "pci=nocrs" and report a bug
Mar 18 21:26:48 shshimad kernel: [    0.470415] PCI: Using E820 reservations for host bridge windows
Mar 18 21:26:48 shshimad kernel: [    0.471412] ACPI: Enabled 2 GPEs in block 00 to 07
Mar 18 21:26:48 shshimad kernel: [    0.486568] ACPI: PCI Root Bridge [PCI0] (domain 0000 [bus 00-ff])
Mar 18 21:26:48 shshimad kernel: [    0.490418] acpi PNP0A03:00: _OSC: OS supports [ASPM ClockPM Segments MSI HPX-Type3]
Mar 18 21:26:48 shshimad kernel: [    0.495416] acpi PNP0A03:00: _OSC: not requesting OS control; OS requires [ExtendedConfig ASPM ClockPM MSI]
Mar 18 21:26:48 shshimad kernel: [    0.499419] acpi PNP0A03:00: fail to add MMCONFIG information, can't access extended configuration space under this bridge
Mar 18 21:26:48 shshimad kernel: [    0.500556] PCI host bridge to bus 0000:00
Mar 18 21:26:48 shshimad kernel: [    0.501422] pci_bus 0000:00: root bus resource [io  0x0000-0x0cf7 window]
Mar 18 21:26:48 shshimad kernel: [    0.502416] pci_bus 0000:00: root bus resource [io  0x0d00-0xffff window]
Mar 18 21:26:48 shshimad kernel: [    0.503416] pci_bus 0000:00: root bus resource [mem 0x000a0000-0x000bffff window]
Mar 18 21:26:48 shshimad kernel: [    0.504416] pci_bus 0000:00: root bus resource [mem 0xe0000000-0xfdffffff window]
Mar 18 21:26:48 shshimad kernel: [    0.505415] pci_bus 0000:00: root bus resource [bus 00-ff]
Mar 18 21:26:48 shshimad kernel: [    0.506794] pci 0000:00:00.0: [8086:1237] type 00 class 0x060000 conventional PCI endpoint
Mar 18 21:26:48 shshimad kernel: [    0.512416] pci 0000:00:01.0: [8086:7000] type 00 class 0x060100 conventional PCI endpoint
Mar 18 21:26:48 shshimad kernel: [    0.520416] pci 0000:00:01.1: [8086:7111] type 00 class 0x01018a conventional PCI endpoint
Mar 18 21:26:48 shshimad kernel: [    0.527987] pci 0000:00:01.1: BAR 4 [io  0xd000-0xd00f]
Mar 18 21:26:48 shshimad kernel: [    0.530570] pci 0000:00:01.1: BAR 0 [io  0x01f0-0x01f7]: legacy IDE quirk
Mar 18 21:26:48 shshimad kernel: [    0.533415] pci 0000:00:01.1: BAR 1 [io  0x03f6]: legacy IDE quirk
Mar 18 21:26:48 shshimad kernel: [    0.534415] pci 0000:00:01.1: BAR 2 [io  0x0170-0x0177]: legacy IDE quirk
Mar 18 21:26:48 shshimad kernel: [    0.535415] pci 0000:00:01.1: BAR 3 [io  0x0376]: legacy IDE quirk
Mar 18 21:26:48 shshimad kernel: [    0.537024] pci 0000:00:02.0: [15ad:0405] type 00 class 0x030000 conventional PCI endpoint
Mar 18 21:26:48 shshimad kernel: [    0.546416] pci 0000:00:02.0: BAR 0 [io  0xd010-0xd01f]
Mar 18 21:26:48 shshimad kernel: [    0.550508] pci 0000:00:02.0: BAR 1 [mem 0xe0000000-0xe0ffffff pref]
Mar 18 21:26:48 shshimad kernel: [    0.553416] pci 0000:00:02.0: BAR 2 [mem 0xf0000000-0xf01fffff]
Mar 18 21:26:48 shshimad kernel: [    0.558509] pci 0000:00:02.0: Video device with shadowed ROM at [mem 0x000c0000-0x000dffff]
Mar 18 21:26:48 shshimad kernel: [    0.563417] pci 0000:00:03.0: [8086:100e] type 00 class 0x020000 conventional PCI endpoint
Mar 18 21:26:48 shshimad kernel: [    0.567781] pci 0000:00:03.0: BAR 0 [mem 0xf0200000-0xf021ffff]
Mar 18 21:26:48 shshimad kernel: [    0.568476] pci 0000:00:03.0: BAR 2 [io  0xd020-0xd027]
Mar 18 21:26:48 shshimad kernel: [    0.570412] pci 0000:00:04.0: [80ee:cafe] type 00 class 0x088000 conventional PCI endpoint
Mar 18 21:26:48 shshimad kernel: [    0.573412] pci 0000:00:04.0: BAR 0 [io  0xd040-0xd05f]
Mar 18 21:26:48 shshimad kernel: [    0.573446] pci 0000:00:04.0: BAR 1 [mem 0xf0400000-0xf07fffff]
Mar 18 21:26:48 shshimad kernel: [    0.574446] pci 0000:00:04.0: BAR 2 [mem 0xf0800000-0xf0803fff pref]
Mar 18 21:26:48 shshimad kernel: [    0.576056] pci 0000:00:05.0: [8086:2415] type 00 class 0x040100 conventional PCI endpoint
Mar 18 21:26:48 shshimad kernel: [    0.582666] pci 0000:00:05.0: BAR 0 [io  0xd100-0xd1ff]
Mar 18 21:26:48 shshimad kernel: [    0.587514] pci 0000:00:05.0: BAR 1 [io  0xd200-0xd23f]
Mar 18 21:26:48 shshimad kernel: [    0.590659] pci 0000:00:06.0: [106b:003f] type 00 class 0x0c0310 conventional PCI endpoint
Mar 18 21:26:48 shshimad kernel: [    0.600449] pci 0000:00:06.0: BAR 0 [mem 0xf0804000-0xf0804fff]
Mar 18 21:26:48 shshimad kernel: [    0.603540] pci 0000:00:07.0: [8086:7113] type 00 class 0x068000 conventional PCI endpoint
Mar 18 21:26:48 shshimad kernel: [    0.605412] pci 0000:00:07.0: quirk: [io  0x4000-0x403f] claimed by PIIX4 ACPI
Mar 18 21:26:48 shshimad kernel: [    0.606446] pci 0000:00:07.0: quirk: [io  0x4100-0x410f] claimed by PIIX4 SMB
Mar 18 21:26:48 shshimad kernel: [    0.608283] pci 0000:00:0b.0: [8086:265c] type 00 class 0x0c0320 conventional PCI endpoint
Mar 18 21:26:48 shshimad kernel: [    0.611232] pci 0000:00:0b.0: BAR 0 [mem 0xf0805000-0xf0805fff]
Mar 18 21:26:48 shshimad kernel: [    0.612086] pci 0000:00:0d.0: [8086:2829] type 00 class 0x010601 conventional PCI endpoint
Mar 18 21:26:48 shshimad kernel: [    0.618444] pci 0000:00:0d.0: BAR 0 [io  0xd240-0xd247]
Mar 18 21:26:48 shshimad kernel: [    0.622450] pci 0000:00:0d.0: BAR 1 [io  0xd248-0xd24b]
Mar 18 21:26:48 shshimad kernel: [    0.625459] pci 0000:00:0d.0: BAR 2 [io  0xd250-0xd257]
Mar 18 21:26:48 shshimad kernel: [    0.629445] pci 0000:00:0d.0: BAR 3 [io  0xd258-0xd25b]
Mar 18 21:26:48 shshimad kernel: [    0.632442] pci 0000:00:0d.0: BAR 4 [io  0xd260-0xd26f]
Mar 18 21:26:48 shshimad kernel: [    0.635442] pci 0000:00:0d.0: BAR 5 [mem 0xf0806000-0xf0807fff]
Mar 18 21:26:48 shshimad kernel: [    0.640024] ACPI: PCI: Interrupt link LNKA configured for IRQ 11
Mar 18 21:26:48 shshimad kernel: [    0.640792] ACPI: PCI: Interrupt link LNKB configured for IRQ 10
Mar 18 21:26:48 shshimad kernel: [    0.641579] ACPI: PCI: Interrupt link LNKC configured for IRQ 9
Mar 18 21:26:48 shshimad kernel: [    0.642570] ACPI: PCI: Interrupt link LNKD configured for IRQ 11
Mar 18 21:26:48 shshimad kernel: [    0.643547] iommu: Default domain type: Translated
Mar 18 21:26:48 shshimad kernel: [    0.644412] iommu: DMA domain TLB invalidation policy: lazy mode
Mar 18 21:26:48 shshimad kernel: [    0.645471] SCSI subsystem initialized
Mar 18 21:26:48 shshimad kernel: [    0.646581] libata version 3.00 loaded.
Mar 18 21:26:48 shshimad kernel: [    0.646603] ACPI: bus type USB registered
Mar 18 21:26:48 shshimad kernel: [    0.647429] usbcore: registered new interface driver usbfs
Mar 18 21:26:48 shshimad kernel: [    0.647429] usbcore: registered new interface driver hub
Mar 18 21:26:48 shshimad kernel: [    0.650423] usbcore: registered new device driver usb
Mar 18 21:26:48 shshimad kernel: [    0.654435] pps_core: LinuxPPS API ver. 1 registered
Mar 18 21:26:48 shshimad kernel: [    0.658416] pps_core: Software ver. 5.3.6 - Copyright 2005-2007 Rodolfo Giometti <giometti@linux.it>
Mar 18 21:26:48 shshimad kernel: [    0.661431] PTP clock support registered
Mar 18 21:26:48 shshimad kernel: [    0.665484] Advanced Linux Sound Architecture Driver Initialized.
Mar 18 21:26:48 shshimad kernel: [    0.669524] NetLabel: Initializing
Mar 18 21:26:48 shshimad kernel: [    0.671415] NetLabel:  domain hash size = 128
Mar 18 21:26:48 shshimad kernel: [    0.672415] NetLabel:  protocols = UNLABELED CIPSOv4 CALIPSO
Mar 18 21:26:48 shshimad kernel: [    0.673427] NetLabel:  unlabeled traffic allowed by default
Mar 18 21:26:48 shshimad kernel: [    0.674492] PCI: Using ACPI for IRQ routing
Mar 18 21:26:48 shshimad kernel: [    0.675415] PCI: pci_cache_line_size set to 64 bytes
Mar 18 21:26:48 shshimad kernel: [    0.675517] e820: reserve RAM buffer [mem 0x0009fc00-0x0009ffff]
Mar 18 21:26:48 shshimad kernel: [    0.675520] e820: reserve RAM buffer [mem 0xdfff0000-0xdfffffff]
Mar 18 21:26:48 shshimad kernel: [    0.675578] pci 0000:00:02.0: vgaarb: setting as boot VGA device
Mar 18 21:26:48 shshimad kernel: [    0.676412] pci 0000:00:02.0: vgaarb: bridge control possible
Mar 18 21:26:48 shshimad kernel: [    0.676412] pci 0000:00:02.0: vgaarb: VGA device added: decodes=io+mem,owns=io+mem,locks=none
Mar 18 21:26:48 shshimad kernel: [    0.678418] vgaarb: loaded
Mar 18 21:26:48 shshimad kernel: [    0.679422] clocksource: Switched to clocksource kvm-clock
Mar 18 21:26:48 shshimad kernel: [    0.682752] VFS: Disk quotas dquot_6.6.0
Mar 18 21:26:48 shshimad kernel: [    0.684242] VFS: Dquot-cache hash table entries: 512 (order 0, 4096 bytes)
Mar 18 21:26:48 shshimad kernel: [    0.686318] pnp: PnP ACPI init
Mar 18 21:26:48 shshimad kernel: [    0.688932] pnp: PnP ACPI: found 2 devices
Mar 18 21:26:48 shshimad kernel: [    0.696710] clocksource: acpi_pm: mask: 0xffffff max_cycles: 0xffffff, max_idle_ns: 2085701024 ns
Mar 18 21:26:48 shshimad kernel: [    0.699048] NET: Registered PF_INET protocol family
Mar 18 21:26:48 shshimad kernel: [    0.700959] IP idents hash table entries: 131072 (order: 8, 1048576 bytes, linear)
Mar 18 21:26:48 shshimad kernel: [    0.703928] tcp_listen_portaddr_hash hash table entries: 4096 (order: 4, 65536 bytes, linear)
Mar 18 21:26:48 shshimad kernel: [    0.706139] Table-perturb hash table entries: 65536 (order: 6, 262144 bytes, linear)
Mar 18 21:26:48 shshimad kernel: [    0.708179] TCP established hash table entries: 65536 (order: 7, 524288 bytes, linear)
Mar 18 21:26:48 shshimad kernel: [    0.710833] TCP bind hash table entries: 65536 (order: 9, 2097152 bytes, linear)
Mar 18 21:26:48 shshimad kernel: [    0.713113] TCP: Hash tables configured (established 65536 bind 65536)
Mar 18 21:26:48 shshimad kernel: [    0.714840] UDP hash table entries: 4096 (order: 6, 262144 bytes, linear)
Mar 18 21:26:48 shshimad kernel: [    0.717508] UDP-Lite hash table entries: 4096 (order: 6, 262144 bytes, linear)
Mar 18 21:26:48 shshimad kernel: [    0.719509] NET: Registered PF_UNIX/PF_LOCAL protocol family
Mar 18 21:26:48 shshimad kernel: [    0.722872] RPC: Registered named UNIX socket transport module.
Mar 18 21:26:48 shshimad kernel: [    0.724498] RPC: Registered udp transport module.
Mar 18 21:26:48 shshimad kernel: [    0.725460] RPC: Registered tcp transport module.
Mar 18 21:26:48 shshimad kernel: [    0.727200] RPC: Registered tcp-with-tls transport module.
Mar 18 21:26:48 shshimad kernel: [    0.728741] RPC: Registered tcp NFSv4.1 backchannel transport module.
Mar 18 21:26:48 shshimad kernel: [    0.731237] pci_bus 0000:00: resource 4 [io  0x0000-0x0cf7 window]
Mar 18 21:26:48 shshimad kernel: [    0.732891] pci_bus 0000:00: resource 5 [io  0x0d00-0xffff window]
Mar 18 21:26:48 shshimad kernel: [    0.734601] pci_bus 0000:00: resource 6 [mem 0x000a0000-0x000bffff window]
Mar 18 21:26:48 shshimad kernel: [    0.736922] pci_bus 0000:00: resource 7 [mem 0xe0000000-0xfdffffff window]
Mar 18 21:26:48 shshimad kernel: [    0.738783] pci 0000:00:00.0: Limiting direct PCI/PCI transfers
Mar 18 21:26:48 shshimad kernel: [    0.744018] PCI: CLS 0 bytes, default 64
Mar 18 21:26:48 shshimad kernel: [    0.745464] PCI-DMA: Using software bounce buffering for IO (SWIOTLB)
Mar 18 21:26:48 shshimad kernel: [    0.747243] software IO TLB: mapped [mem 0x00000000dbff0000-0x00000000dfff0000] (64MB)
Mar 18 21:26:48 shshimad kernel: [    0.749941] RAPL PMU: API unit is 2^-32 Joules, 0 fixed counters, 10737418240 ms ovfl timer
Mar 18 21:26:48 shshimad kernel: [    0.752100] clocksource: tsc: mask: 0xffffffffffffffff max_cycles: 0x1419837cc80, max_idle_ns: 440795240694 ns
Mar 18 21:26:48 shshimad kernel: [    0.754722] clocksource: Switched to clocksource tsc
Mar 18 21:26:48 shshimad kernel: [    0.757089] platform rtc_cmos: registered platform RTC device (no PNP device found)
Mar 18 21:26:48 shshimad kernel: [    0.762299] Initialise system trusted keyrings
Mar 18 21:26:48 shshimad kernel: [    0.763998] workingset: timestamp_bits=40 max_order=21 bucket_order=0
Mar 18 21:26:48 shshimad kernel: [    0.766106] NFS: Registering the id_resolver key type
Mar 18 21:26:48 shshimad kernel: [    0.767598] Key type id_resolver registered
Mar 18 21:26:48 shshimad kernel: [    0.768878] Key type id_legacy registered
Mar 18 21:26:48 shshimad kernel: [    0.770185] 9p: Installing v9fs 9p2000 file system support
Mar 18 21:26:48 shshimad kernel: [    0.783446] Key type asymmetric registered
Mar 18 21:26:48 shshimad kernel: [    0.784760] Asymmetric key parser 'x509' registered
Mar 18 21:26:48 shshimad kernel: [    0.802475] Block layer SCSI generic (bsg) driver version 0.4 loaded (major 251)
Mar 18 21:26:48 shshimad kernel: [    0.804708] io scheduler mq-deadline registered
Mar 18 21:26:48 shshimad kernel: [    0.806058] io scheduler kyber registered
Mar 18 21:26:48 shshimad kernel: [    0.808510] ACPI: AC: AC Adapter [AC] (on-line)
Mar 18 21:26:48 shshimad kernel: [    0.809617] input: Power Button as /devices/LNXSYSTM:00/LNXPWRBN:00/input/input0
Mar 18 21:26:48 shshimad kernel: [    0.811619] ACPI: button: Power Button [PWRF]
Mar 18 21:26:48 shshimad kernel: [    0.812658] input: Sleep Button as /devices/LNXSYSTM:00/LNXSLPBN:00/input/input1
Mar 18 21:26:48 shshimad kernel: [    0.814320] ACPI: button: Sleep Button [SLPF]
Mar 18 21:26:48 shshimad kernel: [    0.815457] ACPI: video: Video Device [GFX0] (multi-head: yes  rom: no  post: no)
Mar 18 21:26:48 shshimad kernel: [    0.818008] input: Video Bus as /devices/LNXSYSTM:00/LNXSYBUS:00/PNP0A03:00/LNXVIDEO:00/input/input2
Mar 18 21:26:48 shshimad kernel: [    0.822059] Serial: 8250/16550 driver, 4 ports, IRQ sharing enabled
Mar 18 21:26:48 shshimad kernel: [    0.824872] ACPI: battery: Slot [BAT0] (battery present)
Mar 18 21:26:48 shshimad kernel: [    0.828177] Non-volatile memory driver v1.3
Mar 18 21:26:48 shshimad kernel: [    0.829150] Linux agpgart interface v0.103
Mar 18 21:26:48 shshimad kernel: [    0.830261] ACPI: bus type drm_connector registered
Mar 18 21:26:48 shshimad kernel: [    0.834902] loop: module loaded
Mar 18 21:26:48 shshimad kernel: [    0.835721] ahci 0000:00:0d.0: version 3.0
Mar 18 21:26:48 shshimad kernel: [    0.836664] ahci 0000:00:0d.0: SSS flag set, parallel bus scan disabled
Mar 18 21:26:48 shshimad kernel: [    0.839881] ahci 0000:00:0d.0: AHCI vers 0001.0100, 32 command slots, 3 Gbps, SATA mode
Mar 18 21:26:48 shshimad kernel: [    0.841829] ahci 0000:00:0d.0: 1/1 ports implemented (port mask 0x1)
Mar 18 21:26:48 shshimad kernel: [    0.843296] ahci 0000:00:0d.0: flags: 64bit ncq stag only ccc 
Mar 18 21:26:48 shshimad kernel: [    0.845843] scsi host0: ahci
Mar 18 21:26:48 shshimad kernel: [    0.846675] ata1: SATA max UDMA/133 abar m8192@0xf0806000 port 0xf0806100 irq 21 lpm-pol 0
Mar 18 21:26:48 shshimad kernel: [    0.847578] ata_piix 0000:00:01.1: version 2.13
Mar 18 21:26:48 shshimad kernel: [    0.850104] scsi host1: ata_piix
Mar 18 21:26:48 shshimad kernel: [    0.851553] scsi host2: ata_piix
Mar 18 21:26:48 shshimad kernel: [    0.852335] ata2: PATA max UDMA/33 cmd 0x1f0 ctl 0x3f6 bmdma 0xd000 irq 14 lpm-pol 0
Mar 18 21:26:48 shshimad kernel: [    0.853998] ata3: PATA max UDMA/33 cmd 0x170 ctl 0x376 bmdma 0xd008 irq 15 lpm-pol 0
Mar 18 21:26:48 shshimad kernel: [    0.856022] e100: Intel(R) PRO/100 Network Driver
Mar 18 21:26:48 shshimad kernel: [    0.857268] e100: Copyright(c) 1999-2006 Intel Corporation
Mar 18 21:26:48 shshimad kernel: [    0.859259] e1000: Intel(R) PRO/1000 Network Driver
Mar 18 21:26:48 shshimad kernel: [    0.860590] e1000: Copyright (c) 1999-2006 Intel Corporation.
Mar 18 21:26:48 shshimad kernel: [    1.168851] ata1: SATA link up 3.0 Gbps (SStatus 123 SControl 300)
Mar 18 21:26:48 shshimad kernel: [    1.170816] ata1.00: ATA-6: VBOX HARDDISK, 1.0, max UDMA/133
Mar 18 21:26:48 shshimad kernel: [    1.172282] ata1.00: 52428800 sectors, multi 128: LBA48 NCQ (depth 32)
Mar 18 21:26:48 shshimad kernel: [    1.174504] ata1.00: configured for UDMA/133
Mar 18 21:26:48 shshimad kernel: [    1.175914] scsi 0:0:0:0: Direct-Access     ATA      VBOX HARDDISK    1.0  PQ: 0 ANSI: 5
Mar 18 21:26:48 shshimad kernel: [    1.178866] scsi 0:0:0:0: Attached scsi generic sg0 type 0
Mar 18 21:26:48 shshimad kernel: [    1.180834] sd 0:0:0:0: [sda] 52428800 512-byte logical blocks: (26.8 GB/25.0 GiB)
Mar 18 21:26:48 shshimad kernel: [    1.183241] sd 0:0:0:0: [sda] Write Protect is off
Mar 18 21:26:48 shshimad kernel: [    1.185586] sd 0:0:0:0: [sda] Mode Sense: 00 3a 00 00
Mar 18 21:26:48 shshimad kernel: [    1.185616] sd 0:0:0:0: [sda] Write cache: enabled, read cache: enabled, doesn't support DPO or FUA
Mar 18 21:26:48 shshimad kernel: [    1.188246] sd 0:0:0:0: [sda] Preferred minimum I/O size 512 bytes
Mar 18 21:26:48 shshimad kernel: [    1.205486]  sda: sda1 sda2 sda3 sda4
Mar 18 21:26:48 shshimad kernel: [    1.208045] sd 0:0:0:0: [sda] Attached SCSI disk
Mar 18 21:26:48 shshimad kernel: [    1.357779] e1000 0000:00:03.0 eth0: (PCI:33MHz:32-bit) 08:00:27:9b:4a:80
Mar 18 21:26:48 shshimad kernel: [    1.359259] e1000 0000:00:03.0 eth0: Intel(R) PRO/1000 Network Connection
Mar 18 21:26:48 shshimad kernel: [    1.360775] e1000e: Intel(R) PRO/1000 Network Driver
Mar 18 21:26:48 shshimad kernel: [    1.361899] e1000e: Copyright(c) 1999 - 2015 Intel Corporation.
Mar 18 21:26:48 shshimad kernel: [    1.363217] sky2: driver version 1.30
Mar 18 21:26:48 shshimad kernel: [    1.365431] ehci-pci 0000:00:0b.0: EHCI Host Controller
Mar 18 21:26:48 shshimad kernel: [    1.368169] ehci-pci 0000:00:0b.0: new USB bus registered, assigned bus number 1
Mar 18 21:26:48 shshimad kernel: [    1.370599] ehci-pci 0000:00:0b.0: irq 19, io mem 0xf0805000
Mar 18 21:26:48 shshimad kernel: [    1.378722] ehci-pci 0000:00:0b.0: USB 2.0 started, EHCI 1.00
Mar 18 21:26:48 shshimad kernel: [    1.380053] usb usb1: New USB device found, idVendor=1d6b, idProduct=0002, bcdDevice= 6.14
Mar 18 21:26:48 shshimad kernel: [    1.381899] usb usb1: New USB device strings: Mfr=3, Product=2, SerialNumber=1
Mar 18 21:26:48 shshimad kernel: [    1.383534] usb usb1: Product: EHCI Host Controller
Mar 18 21:26:48 shshimad kernel: [    1.384516] usb usb1: Manufacturer: Linux 6.14.0-rc7 ehci_hcd
Mar 18 21:26:48 shshimad kernel: [    1.385923] usb usb1: SerialNumber: 0000:00:0b.0
Mar 18 21:26:48 shshimad kernel: [    1.388130] hub 1-0:1.0: USB hub found
Mar 18 21:26:48 shshimad kernel: [    1.388990] hub 1-0:1.0: 12 ports detected
Mar 18 21:26:48 shshimad kernel: [    1.390818] ohci-pci 0000:00:06.0: OHCI PCI host controller
Mar 18 21:26:48 shshimad kernel: [    1.392424] ohci-pci 0000:00:06.0: new USB bus registered, assigned bus number 2
Mar 18 21:26:48 shshimad kernel: [    1.394737] ohci-pci 0000:00:06.0: irq 22, io mem 0xf0804000
Mar 18 21:26:48 shshimad kernel: [    1.450485] usb usb2: New USB device found, idVendor=1d6b, idProduct=0001, bcdDevice= 6.14
Mar 18 21:26:48 shshimad kernel: [    1.455575] usb usb2: New USB device strings: Mfr=3, Product=2, SerialNumber=1
Mar 18 21:26:48 shshimad kernel: [    1.459027] usb usb2: Product: OHCI PCI host controller
Mar 18 21:26:48 shshimad kernel: [    1.461192] usb usb2: Manufacturer: Linux 6.14.0-rc7 ohci_hcd
Mar 18 21:26:48 shshimad kernel: [    1.463543] usb usb2: SerialNumber: 0000:00:06.0
Mar 18 21:26:48 shshimad kernel: [    1.466013] hub 2-0:1.0: USB hub found
Mar 18 21:26:48 shshimad kernel: [    1.467629] hub 2-0:1.0: 12 ports detected
Mar 18 21:26:48 shshimad kernel: [    1.470742] usbcore: registered new interface driver usblp
Mar 18 21:26:48 shshimad kernel: [    1.473078] usbcore: registered new interface driver usb-storage
Mar 18 21:26:48 shshimad kernel: [    1.475541] i8042: PNP: PS/2 Controller [PNP0303:PS2K,PNP0f03:PS2M] at 0x60,0x64 irq 1,12
Mar 18 21:26:48 shshimad kernel: [    1.481231] serio: i8042 KBD port at 0x60,0x64 irq 1
Mar 18 21:26:48 shshimad kernel: [    1.483275] serio: i8042 AUX port at 0x60,0x64 irq 12
Mar 18 21:26:48 shshimad kernel: [    1.488917] input: AT Translated Set 2 keyboard as /devices/platform/i8042/serio0/input/input3
Mar 18 21:26:48 shshimad kernel: [    1.491867] rtc_cmos rtc_cmos: registered as rtc0
Mar 18 21:26:48 shshimad kernel: [    1.493789] rtc_cmos rtc_cmos: alarms up to one day, 114 bytes nvram
Mar 18 21:26:48 shshimad kernel: [    1.495923] device-mapper: ioctl: 4.49.0-ioctl (2025-01-17) initialised: dm-devel@lists.linux.dev
Mar 18 21:26:48 shshimad kernel: [    1.496730] intel_pstate: CPU model not supported
Mar 18 21:26:48 shshimad kernel: [    1.500527] hid: raw HID events driver (C) Jiri Kosina
Mar 18 21:26:48 shshimad kernel: [    1.502399] usbcore: registered new interface driver usbhid
Mar 18 21:26:48 shshimad kernel: [    1.504086] usbhid: USB HID core driver
Mar 18 21:26:48 shshimad kernel: [    1.509856] Initializing XFRM netlink socket
Mar 18 21:26:48 shshimad kernel: [    1.512103] NET: Registered PF_INET6 protocol family
Mar 18 21:26:48 shshimad kernel: [    1.515772] Segment Routing with IPv6
Mar 18 21:26:48 shshimad kernel: [    1.516598] In-situ OAM (IOAM) with IPv6
Mar 18 21:26:48 shshimad kernel: [    1.518950] sit: IPv6, IPv4 and MPLS over IPv4 tunneling driver
Mar 18 21:26:48 shshimad kernel: [    1.521119] NET: Registered PF_PACKET protocol family
Mar 18 21:26:48 shshimad kernel: [    1.522925] 9pnet: Installing 9P2000 support
Mar 18 21:26:48 shshimad kernel: [    1.524313] Key type dns_resolver registered
Mar 18 21:26:48 shshimad kernel: [    1.527286] IPI shorthand broadcast: enabled
Mar 18 21:26:48 shshimad kernel: [    1.537240] sched_clock: Marking stable (1321057201, 215427994)->(1597606411, -61121216)
Mar 18 21:26:48 shshimad kernel: [    1.540441] registered taskstats version 1
Mar 18 21:26:48 shshimad kernel: [    1.541899] Loading compiled-in X.509 certificates
Mar 18 21:26:48 shshimad kernel: [    1.548945] Demotion targets for Node 0: null
Mar 18 21:26:48 shshimad kernel: [    1.550876] input: ImExPS/2 Generic Explorer Mouse as /devices/platform/i8042/serio1/input/input5
Mar 18 21:26:48 shshimad kernel: [    1.551426] PM:   Magic number: 1:979:430
Mar 18 21:26:48 shshimad kernel: [    1.555680] printk: legacy console [netcon0] enabled
Mar 18 21:26:48 shshimad kernel: [    1.557434] netconsole: network logging started
Mar 18 21:26:48 shshimad kernel: [    1.558820] cfg80211: Loading compiled-in X.509 certificates for regulatory database
Mar 18 21:26:48 shshimad kernel: [    1.561628] kworker/u20:1 (79) used greatest stack depth: 14600 bytes left
Mar 18 21:26:48 shshimad kernel: [    1.563937] Loaded X.509 cert 'sforshee: 00b28ddf47aef9cea7'
Mar 18 21:26:48 shshimad kernel: [    1.565548] Loaded X.509 cert 'wens: 61c038651aabdcf94bd0ac7ff06c7248db18c600'
Mar 18 21:26:48 shshimad kernel: [    1.567397] platform regulatory.0: Direct firmware load for regulatory.db failed with error -2
Mar 18 21:26:48 shshimad kernel: [    1.569508] cfg80211: failed to load regulatory.db
Mar 18 21:26:48 shshimad kernel: [    1.570901] ALSA device list:
Mar 18 21:26:48 shshimad kernel: [    1.573122]   No soundcards found.
Mar 18 21:26:48 shshimad kernel: [    1.574553] md: Waiting for all devices to be available before autodetect
Mar 18 21:26:48 shshimad kernel: [    1.576254] md: If you don't use raid, use raid=noautodetect
Mar 18 21:26:48 shshimad kernel: [    1.577820] md: Autodetecting RAID arrays.
Mar 18 21:26:48 shshimad kernel: [    1.579412] md: autorun ...
Mar 18 21:26:48 shshimad kernel: [    1.580516] md: ... autorun DONE.
Mar 18 21:26:48 shshimad kernel: [    1.587643] EXT4-fs (sda2): mounted filesystem a1540632-636c-41ac-b55c-a879c7879588 ro with ordered data mode. Quota mode: none.
Mar 18 21:26:48 shshimad kernel: [    1.590352] VFS: Mounted root (ext4 filesystem) readonly on device 8:2.
Mar 18 21:26:48 shshimad kernel: [    1.594602] devtmpfs: mounted
Mar 18 21:26:48 shshimad kernel: [    1.596274] Freeing unused kernel image (initmem) memory: 2856K
Mar 18 21:26:48 shshimad kernel: [    1.600501] Write protecting the kernel read-only data: 26624k
Mar 18 21:26:48 shshimad kernel: [    1.603642] Freeing unused kernel image (text/rodata gap) memory: 548K
Mar 18 21:26:48 shshimad kernel: [    1.606335] Freeing unused kernel image (rodata/data gap) memory: 872K
Mar 18 21:26:48 shshimad kernel: [    1.649668] x86/mm: Checked W+X mappings: passed, no W+X pages found.
Mar 18 21:26:48 shshimad kernel: [    1.652110] x86/mm: Checking user space page tables
Mar 18 21:26:48 shshimad kernel: [    1.705937] x86/mm: Checked W+X mappings: passed, no W+X pages found.
Mar 18 21:26:48 shshimad kernel: [    1.707406] Run /sbin/init as init process
Mar 18 21:26:48 shshimad kernel: [    1.708877]   with arguments:
Mar 18 21:26:48 shshimad kernel: [    1.708878]     /sbin/init
Mar 18 21:26:48 shshimad kernel: [    1.708879]   with environment:
Mar 18 21:26:48 shshimad kernel: [    1.708880]     HOME=/
Mar 18 21:26:48 shshimad kernel: [    1.708880]     TERM=linux
Mar 18 21:26:48 shshimad kernel: [    1.708881]     BOOT_IMAGE=/vmlinuz-6.14-rc7-shshimad
Mar 18 21:26:48 shshimad kernel: [    1.757971] usb 2-1: new full-speed USB device number 2 using ohci-pci
Mar 18 21:26:48 shshimad kernel: [    1.763240] stty (90) used greatest stack depth: 12912 bytes left
Mar 18 21:26:48 shshimad kernel: [    1.805459] mountpoint (97) used greatest stack depth: 12720 bytes left
Mar 18 21:26:48 shshimad kernel: <30>[    1.950780] udevd[179]: starting version 3.2.5
Mar 18 21:26:48 shshimad kernel: <30>[    1.980191] udevd[180]: starting eudev-3.2.5
Mar 18 21:26:48 shshimad kernel: [    1.989973] usb 2-1: New USB device found, idVendor=80ee, idProduct=0021, bcdDevice= 1.00
Mar 18 21:26:48 shshimad kernel: [    1.989978] usb 2-1: New USB device strings: Mfr=1, Product=3, SerialNumber=0
Mar 18 21:26:48 shshimad kernel: [    1.989979] usb 2-1: Product: USB Tablet
Mar 18 21:26:48 shshimad kernel: [    1.989981] usb 2-1: Manufacturer: VirtualBox
Mar 18 21:26:48 shshimad kernel: [    2.002332] input: VirtualBox USB Tablet as /devices/pci0000:00/0000:00:06.0/usb2/2-1/2-1:1.0/0003:80EE:0021.0001/input/input6
Mar 18 21:26:48 shshimad kernel: [    2.003871] hid-generic 0003:80EE:0021.0001: input,hidraw0: USB HID v1.10 Mouse [VirtualBox USB Tablet] on usb-0000:00:06.0-1/input0
Mar 18 21:26:48 shshimad kernel: [    2.031627] e1000 0000:00:03.0 enp0s3: renamed from eth0
Mar 18 21:26:48 shshimad kernel: [    2.500578] Adding 4979708k swap on /dev/sda4.  Priority:1 extents:1 across:4979708k 
Mar 18 21:26:48 shshimad kernel: [    2.532334] EXT4-fs (sda2): re-mounted a1540632-636c-41ac-b55c-a879c7879588 ro. Quota mode: none.
Mar 18 21:26:48 shshimad kernel: [    2.632679] EXT4-fs (sda2): re-mounted a1540632-636c-41ac-b55c-a879c7879588 r/w. Quota mode: none.
Mar 18 21:26:48 shshimad kernel: [    2.657331] EXT4-fs (sda1): mounted filesystem 937b3c27-b75e-40cc-85a2-cf99717d37e2 r/w with ordered data mode. Quota mode: none.
Mar 18 21:26:48 shshimad kernel: [    2.657340] ext4 filesystem being mounted at /boot supports timestamps until 2038-01-19 (0x7fffffff)
Mar 18 21:26:48 shshimad kernel: [    2.661620] EXT4-fs (sda3): mounted filesystem 53b5c29e-4a84-443c-9b88-9eab2e834f4f r/w with ordered data mode. Quota mode: none.
Mar 18 21:26:48 shshimad kernel: [    3.971279] e1000: enp0s3 NIC Link is Up 1000 Mbps Full Duplex, Flow Control: RX