[    0.000000] Linux version 6.14.0-rc7-thor_kernel+ (root@shshimad) (gcc (GCC) 8.2.0, GNU ld (GNU Binutils) 2.31.1) #4 SMP PREEMPT_DYNAMIC Wed Nov 12 00:54:37 JST 2025
[    0.000000] Command line: BOOT_IMAGE=/vmlinuz-6.14-rc7-shshimad root=/dev/sda2 ro
[    0.000000] BIOS-provided physical RAM map:
[    0.000000] BIOS-e820: [mem 0x0000000000000000-0x000000000009fbff] usable
[    0.000000] BIOS-e820: [mem 0x000000000009fc00-0x000000000009ffff] reserved
[    0.000000] BIOS-e820: [mem 0x00000000000f0000-0x00000000000fffff] reserved
[    0.000000] BIOS-e820: [mem 0x0000000000100000-0x00000000dffeffff] usable
[    0.000000] BIOS-e820: [mem 0x00000000dfff0000-0x00000000dfffffff] ACPI data
[    0.000000] BIOS-e820: [mem 0x00000000fec00000-0x00000000fec00fff] reserved
[    0.000000] BIOS-e820: [mem 0x00000000fee00000-0x00000000fee00fff] reserved
[    0.000000] BIOS-e820: [mem 0x00000000fffc0000-0x00000000ffffffff] reserved
[    0.000000] BIOS-e820: [mem 0x0000000100000000-0x000000015fffffff] usable
[    0.000000] NX (Execute Disable) protection: active
[    0.000000] APIC: Static calls initialized
[    0.000000] SMBIOS 2.5 present.
[    0.000000] DMI: innotek GmbH VirtualBox/VirtualBox, BIOS VirtualBox 12/01/2006
[    0.000000] DMI: Memory slots populated: 0/0
[    0.000000] Hypervisor detected: KVM
[    0.000000] kvm-clock: Using msrs 4b564d01 and 4b564d00
[    0.000003] kvm-clock: using sched offset of 1810288878189 cycles
[    0.000006] clocksource: kvm-clock: mask: 0xffffffffffffffff max_cycles: 0x1cd42e4dffb, max_idle_ns: 881590591483 ns
[    0.000010] tsc: Detected 1391.199 MHz processor
[    0.001168] e820: update [mem 0x00000000-0x00000fff] usable ==> reserved
[    0.001171] e820: remove [mem 0x000a0000-0x000fffff] usable
[    0.001175] last_pfn = 0x160000 max_arch_pfn = 0x400000000
[    0.001228] MTRRs disabled by BIOS
[    0.001243] x86/PAT: Configuration [0-7]: WB  WC  UC- UC  WB  WP  UC- WT  
[    0.001274] last_pfn = 0xe0000 max_arch_pfn = 0x400000000
[    0.001321] found SMP MP-table at [mem 0x0009fff0-0x0009ffff]
[    0.001474] ACPI: Early table checksum verification disabled
[    0.001477] ACPI: RSDP 0x00000000000E0000 000024 (v02 VBOX  )
[    0.001482] ACPI: XSDT 0x00000000DFFF0030 00003C (v01 VBOX   VBOXXSDT 00000001 ASL  00000061)
[    0.001487] ACPI: FACP 0x00000000DFFF00F0 0000F4 (v04 VBOX   VBOXFACP 00000001 ASL  00000061)
[    0.001492] ACPI: DSDT 0x00000000DFFF0620 002353 (v02 VBOX   VBOXBIOS 00000002 INTL 20210930)
[    0.001495] ACPI: FACS 0x00000000DFFF0200 000040
[    0.001498] ACPI: FACS 0x00000000DFFF0200 000040
[    0.001500] ACPI: APIC 0x00000000DFFF0240 00006C (v02 VBOX   VBOXAPIC 00000001 ASL  00000061)
[    0.001503] ACPI: SSDT 0x00000000DFFF02B0 00036C (v01 VBOX   VBOXCPUT 00000002 INTL 20210930)
[    0.001505] ACPI: Reserving FACP table memory at [mem 0xdfff00f0-0xdfff01e3]
[    0.001506] ACPI: Reserving DSDT table memory at [mem 0xdfff0620-0xdfff2972]
[    0.001507] ACPI: Reserving FACS table memory at [mem 0xdfff0200-0xdfff023f]
[    0.001507] ACPI: Reserving FACS table memory at [mem 0xdfff0200-0xdfff023f]
[    0.001508] ACPI: Reserving APIC table memory at [mem 0xdfff0240-0xdfff02ab]
[    0.001509] ACPI: Reserving SSDT table memory at [mem 0xdfff02b0-0xdfff061b]
[    0.002498] No NUMA configuration found
[    0.002499] Faking a node at [mem 0x0000000000000000-0x000000015fffffff]
[    0.002502] NODE_DATA(0) allocated [mem 0x15fff8940-0x15fffbfff]
[    0.002514] Zone ranges:
[    0.002514]   DMA      [mem 0x0000000000001000-0x0000000000ffffff]
[    0.002516]   DMA32    [mem 0x0000000001000000-0x00000000ffffffff]
[    0.002517]   Normal   [mem 0x0000000100000000-0x000000015fffffff]
[    0.002518] Movable zone start for each node
[    0.002519] Early memory node ranges
[    0.002519]   node   0: [mem 0x0000000000001000-0x000000000009efff]
[    0.002520]   node   0: [mem 0x0000000000100000-0x00000000dffeffff]
[    0.002521]   node   0: [mem 0x0000000100000000-0x000000015fffffff]
[    0.002522] Initmem setup node 0 [mem 0x0000000000001000-0x000000015fffffff]
[    0.002543] On node 0, zone DMA: 1 pages in unavailable ranges
[    0.002562] On node 0, zone DMA: 97 pages in unavailable ranges
[    0.014046] On node 0, zone Normal: 16 pages in unavailable ranges
[    0.016376] ACPI: PM-Timer IO Port: 0x4008
[    0.016587] IOAPIC[0]: apic_id 4, version 32, address 0xfec00000, GSI 0-23
[    0.016592] ACPI: INT_SRC_OVR (bus 0 bus_irq 0 global_irq 2 dfl dfl)
[    0.016593] ACPI: INT_SRC_OVR (bus 0 bus_irq 9 global_irq 9 low level)
[    0.016598] ACPI: Using ACPI (MADT) for SMP configuration information
[    0.016604] CPU topo: Max. logical packages:   1
[    0.016604] CPU topo: Max. logical dies:       1
[    0.016605] CPU topo: Max. dies per package:   1
[    0.016608] CPU topo: Max. threads per core:   1
[    0.016609] CPU topo: Num. cores per package:     4
[    0.016609] CPU topo: Num. threads per package:   4
[    0.016610] CPU topo: Allowing 4 present CPUs plus 0 hotplug CPUs
[    0.016699] PM: hibernation: Registered nosave memory: [mem 0x00000000-0x00000fff]
[    0.016701] PM: hibernation: Registered nosave memory: [mem 0x0009f000-0x0009ffff]
[    0.016701] PM: hibernation: Registered nosave memory: [mem 0x000a0000-0x000effff]
[    0.016702] PM: hibernation: Registered nosave memory: [mem 0x000f0000-0x000fffff]
[    0.016703] PM: hibernation: Registered nosave memory: [mem 0xdfff0000-0xdfffffff]
[    0.016703] PM: hibernation: Registered nosave memory: [mem 0xe0000000-0xfebfffff]
[    0.016704] PM: hibernation: Registered nosave memory: [mem 0xfec00000-0xfec00fff]
[    0.016704] PM: hibernation: Registered nosave memory: [mem 0xfec01000-0xfedfffff]
[    0.016705] PM: hibernation: Registered nosave memory: [mem 0xfee00000-0xfee00fff]
[    0.016705] PM: hibernation: Registered nosave memory: [mem 0xfee01000-0xfffbffff]
[    0.016706] PM: hibernation: Registered nosave memory: [mem 0xfffc0000-0xffffffff]
[    0.016707] [mem 0xe0000000-0xfebfffff] available for PCI devices
[    0.016708] Booting paravirtualized kernel on KVM
[    0.016710] clocksource: refined-jiffies: mask: 0xffffffff max_cycles: 0xffffffff, max_idle_ns: 1910969940391419 ns
[    0.022529] setup_percpu: NR_CPUS:64 nr_cpumask_bits:4 nr_cpu_ids:4 nr_node_ids:1
[    0.023388] percpu: Embedded 56 pages/cpu s191512 r8192 d29672 u524288
[    0.023393] pcpu-alloc: s191512 r8192 d29672 u524288 alloc=1*2097152
[    0.023395] pcpu-alloc: [0] 0 1 2 3 
[    0.023440] Kernel command line: BOOT_IMAGE=/vmlinuz-6.14-rc7-shshimad root=/dev/sda2 ro
[    0.023477] Unknown kernel command line parameters "BOOT_IMAGE=/vmlinuz-6.14-rc7-shshimad", will be passed to user space.
[    0.023503] random: crng init done
[    0.023504] printk: log buffer data + meta data: 262144 + 917504 = 1179648 bytes
[    0.024648] Dentry cache hash table entries: 1048576 (order: 11, 8388608 bytes, linear)
[    0.026918] Inode-cache hash table entries: 524288 (order: 10, 4194304 bytes, linear)
[    0.027111] Fallback order for Node 0: 0 
[    0.027114] Built 1 zonelists, mobility grouping on.  Total pages: 1310606
[    0.027115] Policy zone: Normal
[    0.027116] mem auto-init: stack:off, heap alloc:off, heap free:off
[    0.027121] software IO TLB: area num 4.
[    0.056840] SLUB: HWalign=64, Order=0-3, MinObjects=0, CPUs=4, Nodes=1
[    0.056856] Kernel/User page tables isolation: enabled
[    0.057955] Dynamic Preempt: voluntary
[    0.057984] rcu: Preemptible hierarchical RCU implementation.
[    0.057984] rcu: 	RCU event tracing is enabled.
[    0.057985] rcu: 	RCU restricting CPUs from NR_CPUS=64 to nr_cpu_ids=4.
[    0.057986] 	Trampoline variant of Tasks RCU enabled.
[    0.057986] 	Tracing variant of Tasks RCU enabled.
[    0.057987] rcu: RCU calculated value of scheduler-enlistment delay is 100 jiffies.
[    0.057988] rcu: Adjusting geometry for rcu_fanout_leaf=16, nr_cpu_ids=4
[    0.057993] RCU Tasks: Setting shift to 2 and lim to 1 rcu_task_cb_adjust=1 rcu_task_cpu_ids=4.
[    0.057995] RCU Tasks Trace: Setting shift to 2 and lim to 1 rcu_task_cb_adjust=1 rcu_task_cpu_ids=4.
[    0.060972] NR_IRQS: 4352, nr_irqs: 456, preallocated irqs: 16
[    0.061857] rcu: srcu_init: Setting srcu_struct sizes based on contention.
[    0.090632] Console: colour VGA+ 80x25
[    0.090639] printk: legacy console [tty0] enabled
[    0.272212] ACPI: Core revision 20240827
[    0.273396] APIC: Switch to symmetric I/O mode setup
[    0.276408] x2apic enabled
[    0.279382] APIC: Switched APIC routing to: physical x2apic
[    0.287349] ..TIMER: vector=0x30 apic1=0 pin1=2 apic2=-1 pin2=-1
[    0.289278] clocksource: tsc-early: mask: 0xffffffffffffffff max_cycles: 0x140da6547dd, max_idle_ns: 440795207306 ns
[    0.292028] Calibrating delay loop (skipped) preset value.. 2782.39 BogoMIPS (lpj=1391199)
[    0.295205] Last level iTLB entries: 4KB 64, 2MB 8, 4MB 8
[    0.296027] Last level dTLB entries: 4KB 64, 2MB 32, 4MB 32, 1GB 4
[    0.297059] Spectre V1 : Mitigation: usercopy/swapgs barriers and __user pointer sanitization
[    0.298029] Spectre V2 : Mitigation: Retpolines
[    0.299025] Spectre V2 : Spectre v2 / SpectreRSB mitigation: Filling RSB on context switch
[    0.300026] Spectre V2 : Spectre v2 / SpectreRSB : Filling RSB on VMEXIT
[    0.301027] RETBleed: WARNING: Spectre v2 mitigation leaves CPU vulnerable to RETBleed attacks, data leaks possible!
[    0.302026] RETBleed: Vulnerable
[    0.302789] Speculative Store Bypass: Vulnerable
[    0.303032] MDS: Mitigation: Clear CPU buffers
[    0.304028] MMIO Stale Data: Mitigation: Clear CPU buffers
[    0.305027] SRBDS: Unknown: Dependent on hypervisor status
[    0.306026] GDS: Unknown: Dependent on hypervisor status
[    0.307105] x86/fpu: Supporting XSAVE feature 0x001: 'x87 floating point registers'
[    0.308026] x86/fpu: Supporting XSAVE feature 0x002: 'SSE registers'
[    0.309028] x86/fpu: Supporting XSAVE feature 0x004: 'AVX registers'
[    0.310026] x86/fpu: xstate_offset[2]:  576, xstate_sizes[2]:  256
[    0.311026] x86/fpu: Enabled xstate features 0x7, context size is 832 bytes, using 'standard' format.
[    0.328023] Freeing SMP alternatives memory: 52K
[    0.328030] pid_max: default: 32768 minimum: 301
[    0.329044] LSM: initializing lsm=capability,selinux
[    0.331047] SELinux:  Initializing.
[    0.331968] Mount-cache hash table entries: 16384 (order: 5, 131072 bytes, linear)
[    0.332031] Mountpoint-cache hash table entries: 16384 (order: 5, 131072 bytes, linear)
[    0.435026] APIC calibration not consistent with PM-Timer: 103ms instead of 100ms
[    0.436023] APIC delta adjusted to PM-Timer: 6309045 (6560418)
[    0.436205] smpboot: CPU0: Intel(R) Core(TM) i5-8257U CPU @ 1.40GHz (family: 0x6, model: 0x8e, stepping: 0xa)
[    0.437206] Performance Events: unsupported p6 CPU model 142 no PMU driver, software events only.
[    0.438071] signal: max sigframe size: 1776
[    0.439099] rcu: Hierarchical SRCU implementation.
[    0.440027] rcu: 	Max phase no-delay instances is 400.
[    0.441080] Timer migration: 1 hierarchy levels; 8 children per group; 1 crossnode level
[    0.442189] smp: Bringing up secondary CPUs ...
[    0.443092] smpboot: x86: Booting SMP configuration:
[    0.444027] .... node  #0, CPUs:      #1 #2 #3
[    0.451333] smp: Brought up 1 node, 4 CPUs
[    0.452938] smpboot: Total of 4 processors activated (11129.59 BogoMIPS)
[    0.454168] Memory: 5036336K/5242424K available (17883K kernel code, 2877K rwdata, 7320K rodata, 2856K init, 808K bss, 201076K reserved, 0K cma-reserved)
[    0.455314] devtmpfs: initialized
[    0.456023] clocksource: jiffies: mask: 0xffffffff max_cycles: 0xffffffff, max_idle_ns: 1911260446275000 ns
[    0.456028] futex hash table entries: 1024 (order: 4, 65536 bytes, linear)
[    0.458026] PM: RTC time: 16:05:35, date: 2025-11-11
[    0.459254] NET: Registered PF_NETLINK/PF_ROUTE protocol family
[    0.460114] audit: initializing netlink subsys (disabled)
[    0.461023] audit: type=2000 audit(1762878950.190:1): state=initialized audit_enabled=0 res=1
[    0.461023] thermal_sys: Registered thermal governor 'step_wise'
[    0.461038] cpuidle: using governor menu
[    0.463833] PCI: Using configuration type 1 for base access
[    0.464182] kprobes: kprobe jump-optimization is enabled. All kprobes are optimized if possible.
[    0.466303] HugeTLB: registered 2.00 MiB page size, pre-allocated 0 pages
[    0.467026] HugeTLB: 28 KiB vmemmap can be freed for a 2.00 MiB page
[    0.469023] ACPI: Added _OSI(Module Device)
[    0.469028] ACPI: Added _OSI(Processor Device)
[    0.470028] ACPI: Added _OSI(3.0 _SCP Extensions)
[    0.471028] ACPI: Added _OSI(Processor Aggregator Device)
[    0.472771] ACPI: 2 ACPI AML tables successfully acquired and loaded
[    0.478023] ACPI: Interpreter enabled
[    0.480035] ACPI: PM: (supports S0 S5)
[    0.482026] ACPI: Using IOAPIC for interrupt routing
[    0.485101] PCI: Using host bridge windows from ACPI; if necessary, use "pci=nocrs" and report a bug
[    0.490028] PCI: Using E820 reservations for host bridge windows
[    0.494180] ACPI: Enabled 2 GPEs in block 00 to 07
[    0.509398] ACPI: PCI Root Bridge [PCI0] (domain 0000 [bus 00-ff])
[    0.510029] acpi PNP0A03:00: _OSC: OS supports [ASPM ClockPM Segments MSI HPX-Type3]
[    0.513030] acpi PNP0A03:00: _OSC: not requesting OS control; OS requires [ExtendedConfig ASPM ClockPM MSI]
[    0.516460] acpi PNP0A03:00: fail to add MMCONFIG information, can't access extended configuration space under this bridge
[    0.520216] PCI host bridge to bus 0000:00
[    0.522033] pci_bus 0000:00: root bus resource [io  0x0000-0x0cf7 window]
[    0.524027] pci_bus 0000:00: root bus resource [io  0x0d00-0xffff window]
[    0.526027] pci_bus 0000:00: root bus resource [mem 0x000a0000-0x000bffff window]
[    0.528027] pci_bus 0000:00: root bus resource [mem 0xe0000000-0xfdffffff window]
[    0.530032] pci_bus 0000:00: root bus resource [bus 00-ff]
[    0.531269] pci 0000:00:00.0: [8086:1237] type 00 class 0x060000 conventional PCI endpoint
[    0.536027] pci 0000:00:01.0: [8086:7000] type 00 class 0x060100 conventional PCI endpoint
[    0.540221] pci 0000:00:01.1: [8086:7111] type 00 class 0x01018a conventional PCI endpoint
[    0.543464] pci 0000:00:01.1: BAR 4 [io  0xd000-0xd00f]
[    0.544096] pci 0000:00:01.1: BAR 0 [io  0x01f0-0x01f7]: legacy IDE quirk
[    0.547027] pci 0000:00:01.1: BAR 1 [io  0x03f6]: legacy IDE quirk
[    0.548026] pci 0000:00:01.1: BAR 2 [io  0x0170-0x0177]: legacy IDE quirk
[    0.550030] pci 0000:00:01.1: BAR 3 [io  0x0376]: legacy IDE quirk
[    0.553274] pci 0000:00:02.0: [15ad:0405] type 00 class 0x030000 conventional PCI endpoint
[    0.565057] pci 0000:00:02.0: BAR 0 [io  0xd010-0xd01f]
[    0.568059] pci 0000:00:02.0: BAR 1 [mem 0xe0000000-0xe0ffffff pref]
[    0.573065] pci 0000:00:02.0: BAR 2 [mem 0xf0000000-0xf01fffff]
[    0.576409] pci 0000:00:02.0: Video device with shadowed ROM at [mem 0x000c0000-0x000dffff]
[    0.582435] pci 0000:00:03.0: [8086:100e] type 00 class 0x020000 conventional PCI endpoint
[    0.589208] pci 0000:00:03.0: BAR 0 [mem 0xf0200000-0xf021ffff]
[    0.590084] pci 0000:00:03.0: BAR 2 [io  0xd020-0xd027]
[    0.594595] pci 0000:00:04.0: [80ee:cafe] type 00 class 0x088000 conventional PCI endpoint
[    0.599381] pci 0000:00:04.0: BAR 0 [io  0xd040-0xd05f]
[    0.601059] pci 0000:00:04.0: BAR 1 [mem 0xf0400000-0xf07fffff]
[    0.602056] pci 0000:00:04.0: BAR 2 [mem 0xf0800000-0xf0803fff pref]
[    0.605026] pci 0000:00:05.0: [8086:2415] type 00 class 0x040100 conventional PCI endpoint
[    0.608233] pci 0000:00:05.0: BAR 0 [io  0xd100-0xd1ff]
[    0.609055] pci 0000:00:05.0: BAR 1 [io  0xd200-0xd23f]
[    0.611724] pci 0000:00:06.0: [106b:003f] type 00 class 0x0c0310 conventional PCI endpoint
[    0.615986] pci 0000:00:06.0: BAR 0 [mem 0xf0804000-0xf0804fff]
[    0.618873] pci 0000:00:07.0: [8086:7113] type 00 class 0x068000 conventional PCI endpoint
[    0.622058] pci 0000:00:07.0: quirk: [io  0x4000-0x403f] claimed by PIIX4 ACPI
[    0.624058] pci 0000:00:07.0: quirk: [io  0x4100-0x410f] claimed by PIIX4 SMB
[    0.627203] pci 0000:00:0b.0: [8086:265c] type 00 class 0x0c0320 conventional PCI endpoint
[    0.631023] pci 0000:00:0b.0: BAR 0 [mem 0xf0805000-0xf0805fff]
[    0.633529] pci 0000:00:0d.0: [8086:2829] type 00 class 0x010601 conventional PCI endpoint
[    0.636859] pci 0000:00:0d.0: BAR 0 [io  0xd240-0xd247]
[    0.639054] pci 0000:00:0d.0: BAR 1 [io  0xd248-0xd24b]
[    0.640054] pci 0000:00:0d.0: BAR 2 [io  0xd250-0xd257]
[    0.641052] pci 0000:00:0d.0: BAR 3 [io  0xd258-0xd25b]
[    0.643053] pci 0000:00:0d.0: BAR 4 [io  0xd260-0xd26f]
[    0.645055] pci 0000:00:0d.0: BAR 5 [mem 0xf0806000-0xf0807fff]
[    0.653260] ACPI: PCI: Interrupt link LNKA configured for IRQ 11
[    0.657243] ACPI: PCI: Interrupt link LNKB configured for IRQ 10
[    0.662142] ACPI: PCI: Interrupt link LNKC configured for IRQ 9
[    0.665182] ACPI: PCI: Interrupt link LNKD configured for IRQ 11
[    0.669096] iommu: Default domain type: Translated
[    0.670025] iommu: DMA domain TLB invalidation policy: lazy mode
[    0.671080] SCSI subsystem initialized
[    0.673092] libata version 3.00 loaded.
[    0.673118] ACPI: bus type USB registered
[    0.674043] usbcore: registered new interface driver usbfs
[    0.675042] usbcore: registered new interface driver hub
[    0.677040] usbcore: registered new device driver usb
[    0.678054] pps_core: LinuxPPS API ver. 1 registered
[    0.680026] pps_core: Software ver. 5.3.6 - Copyright 2005-2007 Rodolfo Giometti <giometti@linux.it>
[    0.682042] PTP clock support registered
[    0.684119] Advanced Linux Sound Architecture Driver Initialized.
[    0.685137] NetLabel: Initializing
[    0.686025] NetLabel:  domain hash size = 128
[    0.688025] NetLabel:  protocols = UNLABELED CIPSOv4 CALIPSO
[    0.689038] NetLabel:  unlabeled traffic allowed by default
[    0.690069] PCI: Using ACPI for IRQ routing
[    0.692029] PCI: pci_cache_line_size set to 64 bytes
[    0.692648] e820: reserve RAM buffer [mem 0x0009fc00-0x0009ffff]
[    0.692652] e820: reserve RAM buffer [mem 0xdfff0000-0xdfffffff]
[    0.692749] pci 0000:00:02.0: vgaarb: setting as boot VGA device
[    0.693023] pci 0000:00:02.0: vgaarb: bridge control possible
[    0.693023] pci 0000:00:02.0: vgaarb: VGA device added: decodes=io+mem,owns=io+mem,locks=none
[    0.697030] vgaarb: loaded
[    0.699031] clocksource: Switched to clocksource kvm-clock
[    0.701809] VFS: Disk quotas dquot_6.6.0
[    0.703761] VFS: Dquot-cache hash table entries: 512 (order 0, 4096 bytes)
[    0.706136] pnp: PnP ACPI init
[    0.708614] pnp: PnP ACPI: found 2 devices
[    0.715697] clocksource: acpi_pm: mask: 0xffffff max_cycles: 0xffffff, max_idle_ns: 2085701024 ns
[    0.717989] NET: Registered PF_INET protocol family
[    0.720051] IP idents hash table entries: 131072 (order: 8, 1048576 bytes, linear)
[    0.723407] tcp_listen_portaddr_hash hash table entries: 4096 (order: 4, 65536 bytes, linear)
[    0.726068] Table-perturb hash table entries: 65536 (order: 6, 262144 bytes, linear)
[    0.728319] TCP established hash table entries: 65536 (order: 7, 524288 bytes, linear)
[    0.730524] TCP bind hash table entries: 65536 (order: 9, 2097152 bytes, linear)
[    0.733311] TCP: Hash tables configured (established 65536 bind 65536)
[    0.735045] UDP hash table entries: 4096 (order: 6, 262144 bytes, linear)
[    0.736849] UDP-Lite hash table entries: 4096 (order: 6, 262144 bytes, linear)
[    0.738840] NET: Registered PF_UNIX/PF_LOCAL protocol family
[    0.741506] RPC: Registered named UNIX socket transport module.
[    0.743443] RPC: Registered udp transport module.
[    0.744402] RPC: Registered tcp transport module.
[    0.746194] RPC: Registered tcp-with-tls transport module.
[    0.747712] RPC: Registered tcp NFSv4.1 backchannel transport module.
[    0.750241] pci_bus 0000:00: resource 4 [io  0x0000-0x0cf7 window]
[    0.751882] pci_bus 0000:00: resource 5 [io  0x0d00-0xffff window]
[    0.754090] pci_bus 0000:00: resource 6 [mem 0x000a0000-0x000bffff window]
[    0.755067] pci_bus 0000:00: resource 7 [mem 0xe0000000-0xfdffffff window]
[    0.757628] pci 0000:00:00.0: Limiting direct PCI/PCI transfers
[    0.763855] PCI: CLS 0 bytes, default 64
[    0.765305] PCI-DMA: Using software bounce buffering for IO (SWIOTLB)
[    0.766966] software IO TLB: mapped [mem 0x00000000dbff0000-0x00000000dfff0000] (64MB)
[    0.769088] RAPL PMU: API unit is 2^-32 Joules, 0 fixed counters, 10737418240 ms ovfl timer
[    0.771237] clocksource: tsc: mask: 0xffffffffffffffff max_cycles: 0x140da6547dd, max_idle_ns: 440795207306 ns
[    0.774688] clocksource: Switched to clocksource tsc
[    0.776252] platform rtc_cmos: registered platform RTC device (no PNP device found)
[    0.780987] Initialise system trusted keyrings
[    0.783010] workingset: timestamp_bits=40 max_order=21 bucket_order=0
[    0.785179] NFS: Registering the id_resolver key type
[    0.786583] Key type id_resolver registered
[    0.803838] Key type id_legacy registered
[    0.805181] 9p: Installing v9fs 9p2000 file system support
[    0.818568] Key type asymmetric registered
[    0.819881] Asymmetric key parser 'x509' registered
[    0.821353] Block layer SCSI generic (bsg) driver version 0.4 loaded (major 251)
[    0.824148] io scheduler mq-deadline registered
[    0.825705] io scheduler kyber registered
[    0.828052] ACPI: AC: AC Adapter [AC] (on-line)
[    0.829192] input: Power Button as /devices/LNXSYSTM:00/LNXPWRBN:00/input/input0
[    0.831224] ACPI: button: Power Button [PWRF]
[    0.832290] input: Sleep Button as /devices/LNXSYSTM:00/LNXSLPBN:00/input/input1
[    0.833935] ACPI: button: Sleep Button [SLPF]
[    0.835670] ACPI: video: Video Device [GFX0] (multi-head: yes  rom: no  post: no)
[    0.837447] input: Video Bus as /devices/LNXSYSTM:00/LNXSYBUS:00/PNP0A03:00/LNXVIDEO:00/input/input2
[    0.844263] Serial: 8250/16550 driver, 4 ports, IRQ sharing enabled
[    0.845964] ACPI: battery: Slot [BAT0] (battery present)
[    0.849330] Non-volatile memory driver v1.3
[    0.850323] Linux agpgart interface v0.103
[    0.851328] ACPI: bus type drm_connector registered
[    0.855887] loop: module loaded
[    0.856712] ahci 0000:00:0d.0: version 3.0
[    0.857617] ahci 0000:00:0d.0: SSS flag set, parallel bus scan disabled
[    0.859643] ahci 0000:00:0d.0: AHCI vers 0001.0100, 32 command slots, 3 Gbps, SATA mode
[    0.861582] ahci 0000:00:0d.0: 1/1 ports implemented (port mask 0x1)
[    0.863030] ahci 0000:00:0d.0: flags: 64bit ncq stag only ccc 
[    0.865804] scsi host0: ahci
[    0.866570] ata1: SATA max UDMA/133 abar m8192@0xf0806000 port 0xf0806100 irq 21 lpm-pol 0
[    0.868377] ata_piix 0000:00:01.1: version 2.13
[    0.869904] scsi host1: ata_piix
[    0.871507] scsi host2: ata_piix
[    0.872288] ata2: PATA max UDMA/33 cmd 0x1f0 ctl 0x3f6 bmdma 0xd000 irq 14 lpm-pol 0
[    0.873983] ata3: PATA max UDMA/33 cmd 0x170 ctl 0x376 bmdma 0xd008 irq 15 lpm-pol 0
[    0.876358] e100: Intel(R) PRO/100 Network Driver
[    0.877491] e100: Copyright(c) 1999-2006 Intel Corporation
[    0.879723] e1000: Intel(R) PRO/1000 Network Driver
[    0.880835] e1000: Copyright (c) 1999-2006 Intel Corporation.
[    1.179069] ata1: SATA link up 3.0 Gbps (SStatus 123 SControl 300)
[    1.181208] ata1.00: ATA-6: VBOX HARDDISK, 1.0, max UDMA/133
[    1.183022] ata1.00: 52428800 sectors, multi 128: LBA48 NCQ (depth 32)
[    1.185646] ata1.00: configured for UDMA/133
[    1.188548] scsi 0:0:0:0: Direct-Access     ATA      VBOX HARDDISK    1.0  PQ: 0 ANSI: 5
[    1.191176] scsi 0:0:0:0: Attached scsi generic sg0 type 0
[    1.193208] sd 0:0:0:0: [sda] 52428800 512-byte logical blocks: (26.8 GB/25.0 GiB)
[    1.194040] sd 0:0:0:0: [sda] Write Protect is off
[    1.194040] sd 0:0:0:0: [sda] Mode Sense: 00 3a 00 00
[    1.194040] sd 0:0:0:0: [sda] Write cache: enabled, read cache: enabled, doesn't support DPO or FUA
[    1.194040] sd 0:0:0:0: [sda] Preferred minimum I/O size 512 bytes
[    1.214807]  sda: sda1 sda2 sda3 sda4
[    1.217586] sd 0:0:0:0: [sda] Attached SCSI disk
[    1.353158] e1000 0000:00:03.0 eth0: (PCI:33MHz:32-bit) 08:00:27:9b:4a:80
[    1.354661] e1000 0000:00:03.0 eth0: Intel(R) PRO/1000 Network Connection
[    1.356191] e1000e: Intel(R) PRO/1000 Network Driver
[    1.357114] e1000e: Copyright(c) 1999 - 2015 Intel Corporation.
[    1.358969] sky2: driver version 1.30
[    1.360797] ehci-pci 0000:00:0b.0: EHCI Host Controller
[    1.362324] ehci-pci 0000:00:0b.0: new USB bus registered, assigned bus number 1
[    1.364766] ehci-pci 0000:00:0b.0: irq 19, io mem 0xf0805000
[    1.372411] ehci-pci 0000:00:0b.0: USB 2.0 started, EHCI 1.00
[    1.373833] usb usb1: New USB device found, idVendor=1d6b, idProduct=0002, bcdDevice= 6.14
[    1.375635] usb usb1: New USB device strings: Mfr=3, Product=2, SerialNumber=1
[    1.377214] usb usb1: Product: EHCI Host Controller
[    1.378197] usb usb1: Manufacturer: Linux 6.14.0-rc7-thor_kernel+ ehci_hcd
[    1.380157] usb usb1: SerialNumber: 0000:00:0b.0
[    1.381421] hub 1-0:1.0: USB hub found
[    1.382366] hub 1-0:1.0: 12 ports detected
[    1.383883] ohci-pci 0000:00:06.0: OHCI PCI host controller
[    1.385775] ohci-pci 0000:00:06.0: new USB bus registered, assigned bus number 2
[    1.388157] ohci-pci 0000:00:06.0: irq 22, io mem 0xf0804000
[    1.443133] usb usb2: New USB device found, idVendor=1d6b, idProduct=0001, bcdDevice= 6.14
[    1.445380] usb usb2: New USB device strings: Mfr=3, Product=2, SerialNumber=1
[    1.448028] usb usb2: Product: OHCI PCI host controller
[    1.449305] usb usb2: Manufacturer: Linux 6.14.0-rc7-thor_kernel+ ohci_hcd
[    1.450829] usb usb2: SerialNumber: 0000:00:06.0
[    1.452048] hub 2-0:1.0: USB hub found
[    1.453133] hub 2-0:1.0: 12 ports detected
[    1.455583] usbcore: registered new interface driver usblp
[    1.457136] usbcore: registered new interface driver usb-storage
[    1.458455] i8042: PNP: PS/2 Controller [PNP0303:PS2K,PNP0f03:PS2M] at 0x60,0x64 irq 1,12
[    1.462763] serio: i8042 KBD port at 0x60,0x64 irq 1
[    1.463668] serio: i8042 AUX port at 0x60,0x64 irq 12
[    1.468545] input: AT Translated Set 2 keyboard as /devices/platform/i8042/serio0/input/input3
[    1.470980] rtc_cmos rtc_cmos: registered as rtc0
[    1.472614] rtc_cmos rtc_cmos: alarms up to one day, 114 bytes nvram
[    1.475297] device-mapper: ioctl: 4.49.0-ioctl (2025-01-17) initialised: dm-devel@lists.linux.dev
[    1.478156] intel_pstate: CPU model not supported
[    1.479567] hid: raw HID events driver (C) Jiri Kosina
[    1.481529] usbcore: registered new interface driver usbhid
[    1.483064] usbhid: USB HID core driver
[    1.485528] Initializing XFRM netlink socket
[    1.487301] NET: Registered PF_INET6 protocol family
[    1.490425] Segment Routing with IPv6
[    1.491584] In-situ OAM (IOAM) with IPv6
[    1.492830] sit: IPv6, IPv4 and MPLS over IPv4 tunneling driver
[    1.495228] NET: Registered PF_PACKET protocol family
[    1.497167] 9pnet: Installing 9P2000 support
[    1.498403] Key type dns_resolver registered
[    1.501983] IPI shorthand broadcast: enabled
[    1.507792] sched_clock: Marking stable (1284052750, 222991729)->(1574314090, -67269611)
[    1.510868] registered taskstats version 1
[    1.513078] Loading compiled-in X.509 certificates
[    1.517535] input: ImExPS/2 Generic Explorer Mouse as /devices/platform/i8042/serio1/input/input5
[    1.519927] Demotion targets for Node 0: null
[    1.521663] PM:   Magic number: 1:69:85
[    1.522955] printk: legacy console [netcon0] enabled
[    1.524374] netconsole: network logging started
[    1.525786] cfg80211: Loading compiled-in X.509 certificates for regulatory database
[    1.529109] kworker/u18:0 (79) used greatest stack depth: 14600 bytes left
[    1.531430] Loaded X.509 cert 'sforshee: 00b28ddf47aef9cea7'
[    1.533136] Loaded X.509 cert 'wens: 61c038651aabdcf94bd0ac7ff06c7248db18c600'
[    1.535791] platform regulatory.0: Direct firmware load for regulatory.db failed with error -2
[    1.538072] cfg80211: failed to load regulatory.db
[    1.538170] ALSA device list:
[    1.540813]   No soundcards found.
[    1.541925] md: Waiting for all devices to be available before autodetect
[    1.543676] md: If you don't use raid, use raid=noautodetect
[    1.545567] md: Autodetecting RAID arrays.
[    1.546755] md: autorun ...
[    1.547737] md: ... autorun DONE.
[    1.554501] EXT4-fs (sda2): mounted filesystem a1540632-636c-41ac-b55c-a879c7879588 ro with ordered data mode. Quota mode: none.
[    1.557143] VFS: Mounted root (ext4 filesystem) readonly on device 8:2.
[    1.560675] devtmpfs: mounted
[    1.562448] Freeing unused kernel image (initmem) memory: 2856K
[    1.564204] Write protecting the kernel read-only data: 26624k
[    1.566464] Freeing unused kernel image (text/rodata gap) memory: 548K
[    1.569036] Freeing unused kernel image (rodata/data gap) memory: 872K
[    1.612520] x86/mm: Checked W+X mappings: passed, no W+X pages found.
[    1.614685] x86/mm: Checking user space page tables
[    1.659693] x86/mm: Checked W+X mappings: passed, no W+X pages found.
[    1.662075] Run /sbin/init as init process
[    1.663788]   with arguments:
[    1.663789]     /sbin/init
[    1.663790]   with environment:
[    1.663790]     HOME=/
[    1.663791]     TERM=linux
[    1.663792]     BOOT_IMAGE=/vmlinuz-6.14-rc7-shshimad
[    1.718192] stty (90) used greatest stack depth: 12912 bytes left
[    1.727860] usb 2-1: new full-speed USB device number 2 using ohci-pci
[    1.763723] mountpoint (97) used greatest stack depth: 12720 bytes left
[    1.909465] udevd[179]: starting version 3.2.5
[    1.936535] udevd[180]: starting eudev-3.2.5
[    1.962530] usb 2-1: New USB device found, idVendor=80ee, idProduct=0021, bcdDevice= 1.00
[    1.962542] usb 2-1: New USB device strings: Mfr=1, Product=3, SerialNumber=0
[    1.962544] usb 2-1: Product: USB Tablet
[    1.962545] usb 2-1: Manufacturer: VirtualBox
[    1.977597] input: VirtualBox USB Tablet as /devices/pci0000:00/0000:00:06.0/usb2/2-1/2-1:1.0/0003:80EE:0021.0001/input/input6
[    1.982497] hid-generic 0003:80EE:0021.0001: input,hidraw0: USB HID v1.10 Mouse [VirtualBox USB Tablet] on usb-0000:00:06.0-1/input0
[    1.992365] e1000 0000:00:03.0 enp0s3: renamed from eth0
[    1.999734] vboxguest: host-version: 7.0.18r162988 0x8000000f
[    2.007576] vbg_heartbeat_init: Setting up heartbeat to trigger every 2000 milliseconds
[    2.008133] input: VirtualBox mouse integration as /devices/pci0000:00/0000:00:04.0/input/input7
[    2.414840] Adding 4979708k swap on /dev/sda4.  Priority:1 extents:1 across:4979708k 
[    2.452140] EXT4-fs (sda2): re-mounted a1540632-636c-41ac-b55c-a879c7879588 ro. Quota mode: none.
[    2.532457] EXT4-fs (sda2): re-mounted a1540632-636c-41ac-b55c-a879c7879588 r/w. Quota mode: none.
[    2.555502] EXT4-fs (sda1): mounted filesystem 937b3c27-b75e-40cc-85a2-cf99717d37e2 r/w with ordered data mode. Quota mode: none.
[    2.555511] ext4 filesystem being mounted at /boot supports timestamps until 2038-01-19 (0x7fffffff)
[    2.559787] EXT4-fs (sda3): mounted filesystem 53b5c29e-4a84-443c-9b88-9eab2e834f4f r/w with ordered data mode. Quota mode: none.
[    3.809446] e1000: enp0s3 NIC Link is Up 1000 Mbps Full Duplex, Flow Control: RX
