Nov 25 18:29:44 shshimad kernel: [    0.000000] Linux version 6.18.0-rc6-next-20251124 (root@shshimad) (gcc (GCC) 8.2.0, GNU ld (GNU Binutils) 2.31.1) #1 SMP PREEMPT_DYNAMIC Tue Nov 25 14:49:14 JST 2025
Nov 25 18:29:44 shshimad kernel: [    0.000000] Command line: BOOT_IMAGE=/vmlinuz-6.18.0-rc6-linux-next root=/dev/sda2 ro
Nov 25 18:29:44 shshimad kernel: [    0.000000] BIOS-provided physical RAM map:
Nov 25 18:29:44 shshimad kernel: [    0.000000] BIOS-e820: [mem 0x0000000000000000-0x000000000009fbff] usable
Nov 25 18:29:44 shshimad kernel: [    0.000000] BIOS-e820: [mem 0x000000000009fc00-0x000000000009ffff] reserved
Nov 25 18:29:44 shshimad kernel: [    0.000000] BIOS-e820: [mem 0x00000000000f0000-0x00000000000fffff] reserved
Nov 25 18:29:44 shshimad kernel: [    0.000000] BIOS-e820: [mem 0x0000000000100000-0x00000000dffeffff] usable
Nov 25 18:29:44 shshimad kernel: [    0.000000] BIOS-e820: [mem 0x00000000dfff0000-0x00000000dfffffff] ACPI data
Nov 25 18:29:44 shshimad kernel: [    0.000000] BIOS-e820: [mem 0x00000000fec00000-0x00000000fec00fff] reserved
Nov 25 18:29:44 shshimad kernel: [    0.000000] BIOS-e820: [mem 0x00000000fee00000-0x00000000fee00fff] reserved
Nov 25 18:29:44 shshimad kernel: [    0.000000] BIOS-e820: [mem 0x00000000fffc0000-0x00000000ffffffff] reserved
Nov 25 18:29:44 shshimad kernel: [    0.000000] BIOS-e820: [mem 0x0000000100000000-0x000000015fffffff] usable
Nov 25 18:29:44 shshimad kernel: [    0.000000] NX (Execute Disable) protection: active
Nov 25 18:29:44 shshimad kernel: [    0.000000] APIC: Static calls initialized
Nov 25 18:29:44 shshimad kernel: [    0.000000] SMBIOS 2.5 present.
Nov 25 18:29:44 shshimad kernel: [    0.000000] DMI: innotek GmbH VirtualBox/VirtualBox, BIOS VirtualBox 12/01/2006
Nov 25 18:29:44 shshimad kernel: [    0.000000] DMI: Memory slots populated: 0/0
Nov 25 18:29:44 shshimad kernel: [    0.000000] Hypervisor detected: KVM
Nov 25 18:29:44 shshimad kernel: [    0.000000] last_pfn = 0xe0000 max_arch_pfn = 0x400000000
Nov 25 18:29:44 shshimad kernel: [    0.000000] kvm-clock: Using msrs 4b564d01 and 4b564d00
Nov 25 18:29:44 shshimad kernel: [    0.000003] kvm-clock: using sched offset of 7584503874 cycles
Nov 25 18:29:44 shshimad kernel: [    0.000006] clocksource: kvm-clock: mask: 0xffffffffffffffff max_cycles: 0x1cd42e4dffb, max_idle_ns: 881590591483 ns
Nov 25 18:29:44 shshimad kernel: [    0.000009] tsc: Detected 1397.485 MHz processor
Nov 25 18:29:44 shshimad kernel: [    0.001268] e820: update [mem 0x00000000-0x00000fff] usable ==> reserved
Nov 25 18:29:44 shshimad kernel: [    0.001272] e820: remove [mem 0x000a0000-0x000fffff] usable
Nov 25 18:29:44 shshimad kernel: [    0.001277] last_pfn = 0x160000 max_arch_pfn = 0x400000000
Nov 25 18:29:44 shshimad kernel: [    0.001325] MTRRs disabled by BIOS
Nov 25 18:29:44 shshimad kernel: [    0.001340] x86/PAT: Configuration [0-7]: WB  WC  UC- UC  WB  WP  UC- WT  
Nov 25 18:29:44 shshimad kernel: [    0.001442] last_pfn = 0xe0000 max_arch_pfn = 0x400000000
Nov 25 18:29:44 shshimad kernel: [    0.001492] found SMP MP-table at [mem 0x0009fff0-0x0009ffff]
Nov 25 18:29:44 shshimad kernel: [    0.001695] ACPI: Early table checksum verification disabled
Nov 25 18:29:44 shshimad kernel: [    0.001699] ACPI: RSDP 0x00000000000E0000 000024 (v02 VBOX  )
Nov 25 18:29:44 shshimad kernel: [    0.001711] ACPI: XSDT 0x00000000DFFF0030 00003C (v01 VBOX   VBOXXSDT 00000001 ASL  00000061)
Nov 25 18:29:44 shshimad kernel: [    0.001716] ACPI: FACP 0x00000000DFFF00F0 0000F4 (v04 VBOX   VBOXFACP 00000001 ASL  00000061)
Nov 25 18:29:44 shshimad kernel: [    0.001721] ACPI: DSDT 0x00000000DFFF0620 002353 (v02 VBOX   VBOXBIOS 00000002 INTL 20210930)
Nov 25 18:29:44 shshimad kernel: [    0.001724] ACPI: FACS 0x00000000DFFF0200 000040
Nov 25 18:29:44 shshimad kernel: [    0.001727] ACPI: FACS 0x00000000DFFF0200 000040
Nov 25 18:29:44 shshimad kernel: [    0.001730] ACPI: APIC 0x00000000DFFF0240 00006C (v02 VBOX   VBOXAPIC 00000001 ASL  00000061)
Nov 25 18:29:44 shshimad kernel: [    0.001733] ACPI: SSDT 0x00000000DFFF02B0 00036C (v01 VBOX   VBOXCPUT 00000002 INTL 20210930)
Nov 25 18:29:44 shshimad kernel: [    0.001735] ACPI: Reserving FACP table memory at [mem 0xdfff00f0-0xdfff01e3]
Nov 25 18:29:44 shshimad kernel: [    0.001736] ACPI: Reserving DSDT table memory at [mem 0xdfff0620-0xdfff2972]
Nov 25 18:29:44 shshimad kernel: [    0.001737] ACPI: Reserving FACS table memory at [mem 0xdfff0200-0xdfff023f]
Nov 25 18:29:44 shshimad kernel: [    0.001737] ACPI: Reserving FACS table memory at [mem 0xdfff0200-0xdfff023f]
Nov 25 18:29:44 shshimad kernel: [    0.001738] ACPI: Reserving APIC table memory at [mem 0xdfff0240-0xdfff02ab]
Nov 25 18:29:44 shshimad kernel: [    0.001738] ACPI: Reserving SSDT table memory at [mem 0xdfff02b0-0xdfff061b]
Nov 25 18:29:44 shshimad kernel: [    0.002925] No NUMA configuration found
Nov 25 18:29:44 shshimad kernel: [    0.002927] Faking a node at [mem 0x0000000000000000-0x000000015fffffff]
Nov 25 18:29:44 shshimad kernel: [    0.002930] NODE_DATA(0) allocated [mem 0x15fff8900-0x15fffbfff]
Nov 25 18:29:44 shshimad kernel: [    0.003001] Zone ranges:
Nov 25 18:29:44 shshimad kernel: [    0.003002]   DMA      [mem 0x0000000000001000-0x0000000000ffffff]
Nov 25 18:29:44 shshimad kernel: [    0.003004]   DMA32    [mem 0x0000000001000000-0x00000000ffffffff]
Nov 25 18:29:44 shshimad kernel: [    0.003005]   Normal   [mem 0x0000000100000000-0x000000015fffffff]
Nov 25 18:29:44 shshimad kernel: [    0.003006] Movable zone start for each node
Nov 25 18:29:44 shshimad kernel: [    0.003006] Early memory node ranges
Nov 25 18:29:44 shshimad kernel: [    0.003006]   node   0: [mem 0x0000000000001000-0x000000000009efff]
Nov 25 18:29:44 shshimad kernel: [    0.003008]   node   0: [mem 0x0000000000100000-0x00000000dffeffff]
Nov 25 18:29:44 shshimad kernel: [    0.003009]   node   0: [mem 0x0000000100000000-0x000000015fffffff]
Nov 25 18:29:44 shshimad kernel: [    0.003009] Initmem setup node 0 [mem 0x0000000000001000-0x000000015fffffff]
Nov 25 18:29:44 shshimad kernel: [    0.003029] On node 0, zone DMA: 1 pages in unavailable ranges
Nov 25 18:29:44 shshimad kernel: [    0.003341] On node 0, zone DMA: 97 pages in unavailable ranges
Nov 25 18:29:44 shshimad kernel: [    0.113322] On node 0, zone Normal: 16 pages in unavailable ranges
Nov 25 18:29:44 shshimad kernel: [    0.115608] ACPI: PM-Timer IO Port: 0x4008
Nov 25 18:29:44 shshimad kernel: [    0.115833] IOAPIC[0]: apic_id 4, version 32, address 0xfec00000, GSI 0-23
Nov 25 18:29:44 shshimad kernel: [    0.115838] ACPI: INT_SRC_OVR (bus 0 bus_irq 0 global_irq 2 dfl dfl)
Nov 25 18:29:44 shshimad kernel: [    0.115839] ACPI: INT_SRC_OVR (bus 0 bus_irq 9 global_irq 9 low level)
Nov 25 18:29:44 shshimad kernel: [    0.115844] ACPI: Using ACPI (MADT) for SMP configuration information
Nov 25 18:29:44 shshimad kernel: [    0.115849] CPU topo: Max. logical packages:   1
Nov 25 18:29:44 shshimad kernel: [    0.115850] CPU topo: Max. logical dies:       1
Nov 25 18:29:44 shshimad kernel: [    0.115850] CPU topo: Max. dies per package:   1
Nov 25 18:29:44 shshimad kernel: [    0.115853] CPU topo: Max. threads per core:   1
Nov 25 18:29:44 shshimad kernel: [    0.115854] CPU topo: Num. cores per package:     4
Nov 25 18:29:44 shshimad kernel: [    0.115855] CPU topo: Num. threads per package:   4
Nov 25 18:29:44 shshimad kernel: [    0.115855] CPU topo: Allowing 4 present CPUs plus 0 hotplug CPUs
Nov 25 18:29:44 shshimad kernel: [    0.115953] PM: hibernation: Registered nosave memory: [mem 0x00000000-0x00000fff]
Nov 25 18:29:44 shshimad kernel: [    0.115955] PM: hibernation: Registered nosave memory: [mem 0x0009f000-0x000fffff]
Nov 25 18:29:44 shshimad kernel: [    0.115956] PM: hibernation: Registered nosave memory: [mem 0xdfff0000-0xffffffff]
Nov 25 18:29:44 shshimad kernel: [    0.115957] [mem 0xe0000000-0xfebfffff] available for PCI devices
Nov 25 18:29:44 shshimad kernel: [    0.115959] Booting paravirtualized kernel on KVM
Nov 25 18:29:44 shshimad kernel: [    0.115961] clocksource: refined-jiffies: mask: 0xffffffff max_cycles: 0xffffffff, max_idle_ns: 1910969940391419 ns
Nov 25 18:29:44 shshimad kernel: [    0.121474] setup_percpu: NR_CPUS:64 nr_cpumask_bits:4 nr_cpu_ids:4 nr_node_ids:1
Nov 25 18:29:44 shshimad kernel: [    0.124145] percpu: Embedded 52 pages/cpu s175064 r8192 d29736 u524288
Nov 25 18:29:44 shshimad kernel: [    0.124150] pcpu-alloc: s175064 r8192 d29736 u524288 alloc=1*2097152
Nov 25 18:29:44 shshimad kernel: [    0.124153] pcpu-alloc: [0] 0 1 2 3 
Nov 25 18:29:44 shshimad kernel: [    0.124301] Kernel command line: BOOT_IMAGE=/vmlinuz-6.18.0-rc6-linux-next root=/dev/sda2 ro
Nov 25 18:29:44 shshimad kernel: [    0.124351] random: crng init done
Nov 25 18:29:44 shshimad kernel: [    0.124352] printk: log buffer data + meta data: 262144 + 917504 = 1179648 bytes
Nov 25 18:29:44 shshimad kernel: [    0.135319] Dentry cache hash table entries: 1048576 (order: 11, 8388608 bytes, linear)
Nov 25 18:29:44 shshimad kernel: [    0.140554] Inode-cache hash table entries: 524288 (order: 10, 4194304 bytes, linear)
Nov 25 18:29:44 shshimad kernel: [    0.140771] software IO TLB: area num 4.
Nov 25 18:29:44 shshimad kernel: [    0.234795] Fallback order for Node 0: 0 
Nov 25 18:29:44 shshimad kernel: [    0.234800] Built 1 zonelists, mobility grouping on.  Total pages: 1310606
Nov 25 18:29:44 shshimad kernel: [    0.234802] Policy zone: Normal
Nov 25 18:29:44 shshimad kernel: [    0.234804] mem auto-init: stack:off, heap alloc:off, heap free:off
Nov 25 18:29:44 shshimad kernel: [    0.244986] SLUB: HWalign=64, Order=0-3, MinObjects=0, CPUs=4, Nodes=1
Nov 25 18:29:44 shshimad kernel: [    0.245063] Kernel/User page tables isolation: enabled
Nov 25 18:29:44 shshimad kernel: [    0.246640] Dynamic Preempt: voluntary
Nov 25 18:29:44 shshimad kernel: [    0.246751] rcu: Preemptible hierarchical RCU implementation.
Nov 25 18:29:44 shshimad kernel: [    0.246752] rcu: ^IRCU event tracing is enabled.
Nov 25 18:29:44 shshimad kernel: [    0.246752] rcu: ^IRCU restricting CPUs from NR_CPUS=64 to nr_cpu_ids=4.
Nov 25 18:29:44 shshimad kernel: [    0.246753] ^ITrampoline variant of Tasks RCU enabled.
Nov 25 18:29:44 shshimad kernel: [    0.246754] ^ITracing variant of Tasks RCU enabled.
Nov 25 18:29:44 shshimad kernel: [    0.246755] rcu: RCU calculated value of scheduler-enlistment delay is 100 jiffies.
Nov 25 18:29:44 shshimad kernel: [    0.246755] rcu: Adjusting geometry for rcu_fanout_leaf=16, nr_cpu_ids=4
Nov 25 18:29:44 shshimad kernel: [    0.246788] RCU Tasks: Setting shift to 2 and lim to 1 rcu_task_cb_adjust=1 rcu_task_cpu_ids=4.
Nov 25 18:29:44 shshimad kernel: [    0.246790] RCU Tasks Trace: Setting shift to 2 and lim to 1 rcu_task_cb_adjust=1 rcu_task_cpu_ids=4.
Nov 25 18:29:44 shshimad kernel: [    0.251051] NR_IRQS: 4352, nr_irqs: 456, preallocated irqs: 16
Nov 25 18:29:44 shshimad kernel: [    0.251868] rcu: srcu_init: Setting srcu_struct sizes based on contention.
Nov 25 18:29:44 shshimad kernel: [    0.279963] Console: colour VGA+ 80x25
Nov 25 18:29:44 shshimad kernel: [    0.279969] printk: legacy console [tty0] enabled
Nov 25 18:29:44 shshimad kernel: [    0.444151] ACPI: Core revision 20250807
Nov 25 18:29:44 shshimad kernel: [    0.445302] APIC: Switch to symmetric I/O mode setup
Nov 25 18:29:44 shshimad kernel: [    0.448818] x2apic enabled
Nov 25 18:29:44 shshimad kernel: [    0.451401] APIC: Switched APIC routing to: physical x2apic
Nov 25 18:29:44 shshimad kernel: [    0.461512] ..TIMER: vector=0x30 apic1=0 pin1=2 apic2=-1 pin2=-1
Nov 25 18:29:44 shshimad kernel: [    0.463265] clocksource: tsc-early: mask: 0xffffffffffffffff max_cycles: 0x1424d8833d5, max_idle_ns: 440795211046 ns
Nov 25 18:29:44 shshimad kernel: [    0.466006] Calibrating delay loop (skipped) preset value.. 2794.97 BogoMIPS (lpj=1397485)
Nov 25 18:29:44 shshimad kernel: [    0.469830] Last level iTLB entries: 4KB 64, 2MB 8, 4MB 8
Nov 25 18:29:44 shshimad kernel: [    0.470007] Last level dTLB entries: 4KB 64, 2MB 32, 4MB 32, 1GB 4
Nov 25 18:29:44 shshimad kernel: [    0.471038] mitigations: Enabled attack vectors: user_kernel, user_user, SMT mitigations: auto
Nov 25 18:29:44 shshimad kernel: [    0.472009] Speculative Store Bypass: Vulnerable
Nov 25 18:29:44 shshimad kernel: [    0.473007] SRBDS: Unknown: Dependent on hypervisor status
Nov 25 18:29:44 shshimad kernel: [    0.474005] Spectre V2 : Mitigation: Retpolines
Nov 25 18:29:44 shshimad kernel: [    0.475003] RETBleed: Vulnerable
Nov 25 18:29:44 shshimad kernel: [    0.476003] ITS: Mitigation: Aligned branch/return thunks
Nov 25 18:29:44 shshimad kernel: [    0.477004] MDS: Mitigation: Clear CPU buffers
Nov 25 18:29:44 shshimad kernel: [    0.478004] MMIO Stale Data: Mitigation: Clear CPU buffers
Nov 25 18:29:44 shshimad kernel: [    0.479005] Spectre V1 : Mitigation: usercopy/swapgs barriers and __user pointer sanitization
Nov 25 18:29:44 shshimad kernel: [    0.480008] Spectre V2 : Spectre v2 / SpectreRSB: Filling RSB on context switch and VMEXIT
Nov 25 18:29:44 shshimad kernel: [    0.481013] GDS: Unknown: Dependent on hypervisor status
Nov 25 18:29:44 shshimad kernel: [    0.482006] active return thunk: its_return_thunk
Nov 25 18:29:44 shshimad kernel: [    0.483088] x86/fpu: Supporting XSAVE feature 0x001: 'x87 floating point registers'
Nov 25 18:29:44 shshimad kernel: [    0.484006] x86/fpu: Supporting XSAVE feature 0x002: 'SSE registers'
Nov 25 18:29:44 shshimad kernel: [    0.485007] x86/fpu: Supporting XSAVE feature 0x004: 'AVX registers'
Nov 25 18:29:44 shshimad kernel: [    0.486007] x86/fpu: xstate_offset[2]:  576, xstate_sizes[2]:  256
Nov 25 18:29:44 shshimad kernel: [    0.487007] x86/fpu: Enabled xstate features 0x7, context size is 832 bytes, using 'standard' format.
Nov 25 18:29:44 shshimad kernel: [    0.504946] Freeing SMP alternatives memory: 52K
Nov 25 18:29:44 shshimad kernel: [    0.505011] pid_max: default: 32768 minimum: 301
Nov 25 18:29:44 shshimad kernel: [    0.506057] SELinux:  Initializing.
Nov 25 18:29:44 shshimad kernel: [    0.507317] Mount-cache hash table entries: 16384 (order: 5, 131072 bytes, linear)
Nov 25 18:29:44 shshimad kernel: [    0.509113] Mountpoint-cache hash table entries: 16384 (order: 5, 131072 bytes, linear)
Nov 25 18:29:44 shshimad kernel: [    0.614006] APIC calibration not consistent with PM-Timer: 106ms instead of 100ms
Nov 25 18:29:44 shshimad kernel: [    0.615001] APIC delta adjusted to PM-Timer: 6292481 (6686480)
Nov 25 18:29:44 shshimad kernel: [    0.615187] smpboot: CPU0: Intel(R) Core(TM) i5-8257U CPU @ 1.40GHz (family: 0x6, model: 0x8e, stepping: 0xa)
Nov 25 18:29:44 shshimad kernel: [    0.617163] Performance Events: unsupported CPU family 6 model 142 no PMU driver, software events only.
Nov 25 18:29:44 shshimad kernel: [    0.618039] signal: max sigframe size: 1776
Nov 25 18:29:44 shshimad kernel: [    0.619077] rcu: Hierarchical SRCU implementation.
Nov 25 18:29:44 shshimad kernel: [    0.620006] rcu: ^IMax phase no-delay instances is 400.
Nov 25 18:29:44 shshimad kernel: [    0.622235] Timer migration: 1 hierarchy levels; 8 children per group; 1 crossnode level
Nov 25 18:29:44 shshimad kernel: [    0.627605] smp: Bringing up secondary CPUs ...
Nov 25 18:29:44 shshimad kernel: [    0.629225] smpboot: x86: Booting SMP configuration:
Nov 25 18:29:44 shshimad kernel: [    0.630007] .... node  #0, CPUs:      #1 #2 #3
Nov 25 18:29:44 shshimad kernel: [    0.637013] smp: Brought up 1 node, 4 CPUs
Nov 25 18:29:44 shshimad kernel: [    0.638001] smpboot: Total of 4 processors activated (11179.88 BogoMIPS)
Nov 25 18:29:44 shshimad kernel: [    0.639475] Memory: 5032808K/5242424K available (18517K kernel code, 2922K rwdata, 7728K rodata, 2916K init, 2568K bss, 205104K reserved, 0K cma-reserved)
Nov 25 18:29:44 shshimad kernel: [    0.641295] devtmpfs: initialized
Nov 25 18:29:44 shshimad kernel: [    0.642001] clocksource: jiffies: mask: 0xffffffff max_cycles: 0xffffffff, max_idle_ns: 1911260446275000 ns
Nov 25 18:29:44 shshimad kernel: [    0.643016] posixtimers hash table entries: 2048 (order: 3, 32768 bytes, linear)
Nov 25 18:29:44 shshimad kernel: [    0.645177] futex hash table entries: 1024 (65536 bytes on 1 NUMA nodes, total 64 KiB, linear).
Nov 25 18:29:44 shshimad kernel: [    0.647034] PM: RTC time: 09:29:40, date: 2025-11-25
Nov 25 18:29:44 shshimad kernel: [    0.649083] NET: Registered PF_NETLINK/PF_ROUTE protocol family
Nov 25 18:29:44 shshimad kernel: [    0.650180] audit: initializing netlink subsys (disabled)
Nov 25 18:29:44 shshimad kernel: [    0.651159] audit: type=2000 audit(1764062989.821:1): state=initialized audit_enabled=0 res=1
Nov 25 18:29:44 shshimad kernel: [    0.651290] thermal_sys: Registered thermal governor 'step_wise'
Nov 25 18:29:44 shshimad kernel: [    0.652025] cpuidle: using governor menu
Nov 25 18:29:44 shshimad kernel: [    0.654251] PCI: Using configuration type 1 for base access
Nov 25 18:29:44 shshimad kernel: [    0.655177] kprobes: kprobe jump-optimization is enabled. All kprobes are optimized if possible.
Nov 25 18:29:44 shshimad kernel: [    0.660109] HugeTLB: registered 2.00 MiB page size, pre-allocated 0 pages
Nov 25 18:29:44 shshimad kernel: [    0.661006] HugeTLB: 28 KiB vmemmap can be freed for a 2.00 MiB page
Nov 25 18:29:44 shshimad kernel: [    0.673208] ACPI: Added _OSI(Module Device)
Nov 25 18:29:44 shshimad kernel: [    0.674001] ACPI: Added _OSI(Processor Device)
Nov 25 18:29:44 shshimad kernel: [    0.674008] ACPI: Added _OSI(Processor Aggregator Device)
Nov 25 18:29:44 shshimad kernel: [    0.677015] ACPI: 2 ACPI AML tables successfully acquired and loaded
Nov 25 18:29:44 shshimad kernel: [    0.683098] ACPI: Interpreter enabled
Nov 25 18:29:44 shshimad kernel: [    0.684024] ACPI: PM: (supports S0 S5)
Nov 25 18:29:44 shshimad kernel: [    0.685006] ACPI: Using IOAPIC for interrupt routing
Nov 25 18:29:44 shshimad kernel: [    0.687318] PCI: Using host bridge windows from ACPI; if necessary, use "pci=nocrs" and report a bug
Nov 25 18:29:44 shshimad kernel: [    0.688006] PCI: Using E820 reservations for host bridge windows
Nov 25 18:29:44 shshimad kernel: [    0.689182] ACPI: Enabled 2 GPEs in block 00 to 07
Nov 25 18:29:44 shshimad kernel: [    0.706001] ACPI: PCI Root Bridge [PCI0] (domain 0000 [bus 00-ff])
Nov 25 18:29:44 shshimad kernel: [    0.706008] acpi PNP0A03:00: _OSC: OS supports [ASPM ClockPM Segments MSI HPX-Type3]
Nov 25 18:29:44 shshimad kernel: [    0.707007] acpi PNP0A03:00: _OSC: not requesting OS control; OS requires [ExtendedConfig ASPM ClockPM MSI]
Nov 25 18:29:44 shshimad kernel: [    0.708869] acpi PNP0A03:00: fail to add MMCONFIG information, can't access extended configuration space under this bridge
Nov 25 18:29:44 shshimad kernel: [    0.709186] PCI host bridge to bus 0000:00
Nov 25 18:29:44 shshimad kernel: [    0.710001] pci_bus 0000:00: root bus resource [io  0x0000-0x0cf7 window]
Nov 25 18:29:44 shshimad kernel: [    0.710009] pci_bus 0000:00: root bus resource [io  0x0d00-0xffff window]
Nov 25 18:29:44 shshimad kernel: [    0.711007] pci_bus 0000:00: root bus resource [mem 0x000a0000-0x000bffff window]
Nov 25 18:29:44 shshimad kernel: [    0.712008] pci_bus 0000:00: root bus resource [mem 0xe0000000-0xfdffffff window]
Nov 25 18:29:44 shshimad kernel: [    0.713014] pci_bus 0000:00: root bus resource [bus 00-ff]
Nov 25 18:29:44 shshimad kernel: [    0.716056] pci 0000:00:00.0: [8086:1237] type 00 class 0x060000 conventional PCI endpoint
Nov 25 18:29:44 shshimad kernel: [    0.720229] pci 0000:00:01.0: [8086:7000] type 00 class 0x060100 conventional PCI endpoint
Nov 25 18:29:44 shshimad kernel: [    0.723041] pci 0000:00:01.1: [8086:7111] type 00 class 0x01018a conventional PCI endpoint
Nov 25 18:29:44 shshimad kernel: [    0.725001] pci 0000:00:01.1: BAR 4 [io  0xd000-0xd00f]
Nov 25 18:29:44 shshimad kernel: [    0.725151] pci 0000:00:01.1: BAR 0 [io  0x01f0-0x01f7]: legacy IDE quirk
Nov 25 18:29:44 shshimad kernel: [    0.726008] pci 0000:00:01.1: BAR 1 [io  0x03f6]: legacy IDE quirk
Nov 25 18:29:44 shshimad kernel: [    0.727001] pci 0000:00:01.1: BAR 2 [io  0x0170-0x0177]: legacy IDE quirk
Nov 25 18:29:44 shshimad kernel: [    0.727008] pci 0000:00:01.1: BAR 3 [io  0x0376]: legacy IDE quirk
Nov 25 18:29:44 shshimad kernel: [    0.728655] pci 0000:00:02.0: [15ad:0405] type 00 class 0x030000 conventional PCI endpoint
Nov 25 18:29:44 shshimad kernel: [    0.733042] pci 0000:00:02.0: BAR 0 [io  0xd010-0xd01f]
Nov 25 18:29:44 shshimad kernel: [    0.734041] pci 0000:00:02.0: BAR 1 [mem 0xe0000000-0xe0ffffff pref]
Nov 25 18:29:44 shshimad kernel: [    0.735041] pci 0000:00:02.0: BAR 2 [mem 0xf0000000-0xf01fffff]
Nov 25 18:29:44 shshimad kernel: [    0.736316] pci 0000:00:02.0: Video device with shadowed ROM at [mem 0x000c0000-0x000dffff]
Nov 25 18:29:44 shshimad kernel: [    0.738657] pci 0000:00:03.0: [8086:100e] type 00 class 0x020000 conventional PCI endpoint
Nov 25 18:29:44 shshimad kernel: [    0.741115] pci 0000:00:03.0: BAR 0 [mem 0xf0200000-0xf021ffff]
Nov 25 18:29:44 shshimad kernel: [    0.742001] pci 0000:00:03.0: BAR 2 [io  0xd020-0xd027]
Nov 25 18:29:44 shshimad kernel: [    0.743542] pci 0000:00:04.0: [80ee:cafe] type 00 class 0x088000 conventional PCI endpoint
Nov 25 18:29:44 shshimad kernel: [    0.747037] pci 0000:00:04.0: BAR 0 [io  0xd040-0xd05f]
Nov 25 18:29:44 shshimad kernel: [    0.748045] pci 0000:00:04.0: BAR 1 [mem 0xf0400000-0xf07fffff]
Nov 25 18:29:44 shshimad kernel: [    0.750005] pci 0000:00:04.0: BAR 2 [mem 0xf0800000-0xf0803fff pref]
Nov 25 18:29:44 shshimad kernel: [    0.752544] pci 0000:00:05.0: [8086:2415] type 00 class 0x040100 conventional PCI endpoint
Nov 25 18:29:44 shshimad kernel: [    0.755229] pci 0000:00:05.0: BAR 0 [io  0xd100-0xd1ff]
Nov 25 18:29:44 shshimad kernel: [    0.756040] pci 0000:00:05.0: BAR 1 [io  0xd200-0xd23f]
Nov 25 18:29:44 shshimad kernel: [    0.760008] pci 0000:00:06.0: [106b:003f] type 00 class 0x0c0310 conventional PCI endpoint
Nov 25 18:29:44 shshimad kernel: [    0.765174] pci 0000:00:06.0: BAR 0 [mem 0xf0804000-0xf0804fff]
Nov 25 18:29:44 shshimad kernel: [    0.767001] pci 0000:00:07.0: [8086:7113] type 00 class 0x068000 conventional PCI endpoint
Nov 25 18:29:44 shshimad kernel: [    0.769439] pci 0000:00:07.0: quirk: [io  0x4000-0x403f] claimed by PIIX4 ACPI
Nov 25 18:29:44 shshimad kernel: [    0.770043] pci 0000:00:07.0: quirk: [io  0x4100-0x410f] claimed by PIIX4 SMB
Nov 25 18:29:44 shshimad kernel: [    0.772001] pci 0000:00:0b.0: [8086:265c] type 00 class 0x0c0320 conventional PCI endpoint
Nov 25 18:29:44 shshimad kernel: [    0.774001] pci 0000:00:0b.0: BAR 0 [mem 0xf0805000-0xf0805fff]
Nov 25 18:29:44 shshimad kernel: [    0.775601] pci 0000:00:0d.0: [8086:2829] type 00 class 0x010601 conventional PCI endpoint
Nov 25 18:29:44 shshimad kernel: [    0.778572] pci 0000:00:0d.0: BAR 0 [io  0xd240-0xd247]
Nov 25 18:29:44 shshimad kernel: [    0.779045] pci 0000:00:0d.0: BAR 1 [io  0xd248-0xd24b]
Nov 25 18:29:44 shshimad kernel: [    0.780041] pci 0000:00:0d.0: BAR 2 [io  0xd250-0xd257]
Nov 25 18:29:44 shshimad kernel: [    0.781045] pci 0000:00:0d.0: BAR 3 [io  0xd258-0xd25b]
Nov 25 18:29:44 shshimad kernel: [    0.782053] pci 0000:00:0d.0: BAR 4 [io  0xd260-0xd26f]
Nov 25 18:29:44 shshimad kernel: [    0.783048] pci 0000:00:0d.0: BAR 5 [mem 0xf0806000-0xf0807fff]
Nov 25 18:29:44 shshimad kernel: [    0.794533] ACPI: PCI: Interrupt link LNKA configured for IRQ 11
Nov 25 18:29:44 shshimad kernel: [    0.795322] ACPI: PCI: Interrupt link LNKB configured for IRQ 10
Nov 25 18:29:44 shshimad kernel: [    0.796021] ACPI: PCI: Interrupt link LNKC configured for IRQ 9
Nov 25 18:29:44 shshimad kernel: [    0.797001] ACPI: PCI: Interrupt link LNKD configured for IRQ 11
Nov 25 18:29:44 shshimad kernel: [    0.797288] iommu: Default domain type: Translated
Nov 25 18:29:44 shshimad kernel: [    0.798005] iommu: DMA domain TLB invalidation policy: lazy mode
Nov 25 18:29:44 shshimad kernel: [    0.799163] SCSI subsystem initialized
Nov 25 18:29:44 shshimad kernel: [    0.800091] libata version 3.00 loaded.
Nov 25 18:29:44 shshimad kernel: [    0.800132] ACPI: bus type USB registered
Nov 25 18:29:44 shshimad kernel: [    0.801034] usbcore: registered new interface driver usbfs
Nov 25 18:29:44 shshimad kernel: [    0.802032] usbcore: registered new interface driver hub
Nov 25 18:29:44 shshimad kernel: [    0.803045] usbcore: registered new device driver usb
Nov 25 18:29:44 shshimad kernel: [    0.804039] pps_core: LinuxPPS API ver. 1 registered
Nov 25 18:29:44 shshimad kernel: [    0.805001] pps_core: Software ver. 5.3.6 - Copyright 2005-2007 Rodolfo Giometti <giometti@linux.it>
Nov 25 18:29:44 shshimad kernel: [    0.805024] PTP clock support registered
Nov 25 18:29:44 shshimad kernel: [    0.808148] Advanced Linux Sound Architecture Driver Initialized.
Nov 25 18:29:44 shshimad kernel: [    0.810094] NetLabel: Initializing
Nov 25 18:29:44 shshimad kernel: [    0.811016] NetLabel:  domain hash size = 128
Nov 25 18:29:44 shshimad kernel: [    0.812005] NetLabel:  protocols = UNLABELED CIPSOv4 CALIPSO
Nov 25 18:29:44 shshimad kernel: [    0.813032] NetLabel:  unlabeled traffic allowed by default
Nov 25 18:29:44 shshimad kernel: [    0.814037] PCI: Using ACPI for IRQ routing
Nov 25 18:29:44 shshimad kernel: [    0.815001] PCI: pci_cache_line_size set to 64 bytes
Nov 25 18:29:44 shshimad kernel: [    0.815785] e820: reserve RAM buffer [mem 0x0009fc00-0x0009ffff]
Nov 25 18:29:44 shshimad kernel: [    0.815791] e820: reserve RAM buffer [mem 0xdfff0000-0xdfffffff]
Nov 25 18:29:44 shshimad kernel: [    0.815859] pci 0000:00:02.0: vgaarb: setting as boot VGA device
Nov 25 18:29:44 shshimad kernel: [    0.816001] pci 0000:00:02.0: vgaarb: bridge control possible
Nov 25 18:29:44 shshimad kernel: [    0.816001] pci 0000:00:02.0: vgaarb: VGA device added: decodes=io+mem,owns=io+mem,locks=none
Nov 25 18:29:44 shshimad kernel: [    0.816010] vgaarb: loaded
Nov 25 18:29:44 shshimad kernel: [    0.817297] clocksource: Switched to clocksource kvm-clock
Nov 25 18:29:44 shshimad kernel: [    0.820052] VFS: Disk quotas dquot_6.6.0
Nov 25 18:29:44 shshimad kernel: [    0.821360] VFS: Dquot-cache hash table entries: 512 (order 0, 4096 bytes)
Nov 25 18:29:44 shshimad kernel: [    0.824070] pnp: PnP ACPI init
Nov 25 18:29:44 shshimad kernel: [    0.826876] pnp: PnP ACPI: found 2 devices
Nov 25 18:29:44 shshimad kernel: [    0.852607] clocksource: acpi_pm: mask: 0xffffff max_cycles: 0xffffff, max_idle_ns: 2085701024 ns
Nov 25 18:29:44 shshimad kernel: [    0.855007] NET: Registered PF_INET protocol family
Nov 25 18:29:44 shshimad kernel: [    0.858305] IP idents hash table entries: 131072 (order: 8, 1048576 bytes, linear)
Nov 25 18:29:44 shshimad kernel: [    0.861160] tcp_listen_portaddr_hash hash table entries: 4096 (order: 4, 65536 bytes, linear)
Nov 25 18:29:44 shshimad kernel: [    0.864012] Table-perturb hash table entries: 65536 (order: 6, 262144 bytes, linear)
Nov 25 18:29:44 shshimad kernel: [    0.865888] TCP established hash table entries: 65536 (order: 7, 524288 bytes, linear)
Nov 25 18:29:44 shshimad kernel: [    0.868646] TCP bind hash table entries: 65536 (order: 9, 2097152 bytes, linear)
Nov 25 18:29:44 shshimad kernel: [    0.874657] TCP: Hash tables configured (established 65536 bind 65536)
Nov 25 18:29:44 shshimad kernel: [    0.876968] UDP hash table entries: 4096 (order: 6, 262144 bytes, linear)
Nov 25 18:29:44 shshimad kernel: [    0.878951] UDP-Lite hash table entries: 4096 (order: 6, 262144 bytes, linear)
Nov 25 18:29:44 shshimad kernel: [    0.882013] NET: Registered PF_UNIX/PF_LOCAL protocol family
Nov 25 18:29:44 shshimad kernel: [    0.884532] RPC: Registered named UNIX socket transport module.
Nov 25 18:29:44 shshimad kernel: [    0.886194] RPC: Registered udp transport module.
Nov 25 18:29:44 shshimad kernel: [    0.887134] RPC: Registered tcp transport module.
Nov 25 18:29:44 shshimad kernel: [    0.888825] RPC: Registered tcp-with-tls transport module.
Nov 25 18:29:44 shshimad kernel: [    0.891367] RPC: Registered tcp NFSv4.1 backchannel transport module.
Nov 25 18:29:44 shshimad kernel: [    0.894231] pci_bus 0000:00: resource 4 [io  0x0000-0x0cf7 window]
Nov 25 18:29:44 shshimad kernel: [    0.896201] pci_bus 0000:00: resource 5 [io  0x0d00-0xffff window]
Nov 25 18:29:44 shshimad kernel: [    0.897863] pci_bus 0000:00: resource 6 [mem 0x000a0000-0x000bffff window]
Nov 25 18:29:44 shshimad kernel: [    0.899658] pci_bus 0000:00: resource 7 [mem 0xe0000000-0xfdffffff window]
Nov 25 18:29:44 shshimad kernel: [    0.901495] pci 0000:00:00.0: Limiting direct PCI/PCI transfers
Nov 25 18:29:44 shshimad kernel: [    0.907802] PCI: CLS 0 bytes, default 64
Nov 25 18:29:44 shshimad kernel: [    0.908961] PCI-DMA: Using software bounce buffering for IO (SWIOTLB)
Nov 25 18:29:44 shshimad kernel: [    0.910830] software IO TLB: mapped [mem 0x00000000dbff0000-0x00000000dfff0000] (64MB)
Nov 25 18:29:44 shshimad kernel: [    0.913739] RAPL PMU: API unit is 2^-32 Joules, 0 fixed counters, 10737418240 ms ovfl timer
Nov 25 18:29:44 shshimad kernel: [    0.916096] clocksource: tsc: mask: 0xffffffffffffffff max_cycles: 0x1424d8833d5, max_idle_ns: 440795211046 ns
Nov 25 18:29:44 shshimad kernel: [    0.919226] clocksource: Switched to clocksource tsc
Nov 25 18:29:44 shshimad kernel: [    0.921023] platform rtc_cmos: registered platform RTC device (no PNP device found)
Nov 25 18:29:44 shshimad kernel: [    0.926641] Initialise system trusted keyrings
Nov 25 18:29:44 shshimad kernel: [    0.928636] workingset: timestamp_bits=40 max_order=21 bucket_order=0
Nov 25 18:29:44 shshimad kernel: [    0.931268] NFS: Registering the id_resolver key type
Nov 25 18:29:44 shshimad kernel: [    0.933170] Key type id_resolver registered
Nov 25 18:29:44 shshimad kernel: [    0.934391] Key type id_legacy registered
Nov 25 18:29:44 shshimad kernel: [    0.935914] 9p: Installing v9fs 9p2000 file system support
Nov 25 18:29:44 shshimad kernel: [    0.951680] Key type asymmetric registered
Nov 25 18:29:44 shshimad kernel: [    0.952761] Asymmetric key parser 'x509' registered
Nov 25 18:29:44 shshimad kernel: [    0.954693] Block layer SCSI generic (bsg) driver version 0.4 loaded (major 251)
Nov 25 18:29:44 shshimad kernel: [    0.956733] io scheduler mq-deadline registered
Nov 25 18:29:44 shshimad kernel: [    0.957852] io scheduler kyber registered
Nov 25 18:29:44 shshimad kernel: [    0.960646] ACPI: AC: AC Adapter [AC] (on-line)
Nov 25 18:29:44 shshimad kernel: [    0.961919] input: Power Button as /devices/LNXSYSTM:00/LNXPWRBN:00/input/input0
Nov 25 18:29:44 shshimad kernel: [    0.964231] ACPI: button: Power Button [PWRF]
Nov 25 18:29:44 shshimad kernel: [    0.965378] input: Sleep Button as /devices/LNXSYSTM:00/LNXSLPBN:00/input/input1
Nov 25 18:29:44 shshimad kernel: [    0.967221] ACPI: button: Sleep Button [SLPF]
Nov 25 18:29:44 shshimad kernel: [    0.988417] ACPI: video: Video Device [GFX0] (multi-head: yes  rom: no  post: no)
Nov 25 18:29:44 shshimad kernel: [    0.990626] input: Video Bus as /devices/LNXSYSTM:00/LNXSYBUS:00/PNP0A03:00/LNXVIDEO:00/input/input2
Nov 25 18:29:44 shshimad kernel: [    0.996184] Serial: 8250/16550 driver, 4 ports, IRQ sharing enabled
Nov 25 18:29:44 shshimad kernel: [    0.996672] ACPI: battery: Slot [BAT0] (battery present)
Nov 25 18:29:44 shshimad kernel: [    0.999006] Non-volatile memory driver v1.3
Nov 25 18:29:44 shshimad kernel: [    1.001175] Linux agpgart interface v0.103
Nov 25 18:29:44 shshimad kernel: [    1.002867] ACPI: bus type drm_connector registered
Nov 25 18:29:44 shshimad kernel: [    1.012726] loop: module loaded
Nov 25 18:29:44 shshimad kernel: [    1.015335] ahci 0000:00:0d.0: SSS flag set, parallel bus scan disabled
Nov 25 18:29:44 shshimad kernel: [    1.018263] ahci 0000:00:0d.0: AHCI vers 0001.0100, 32 command slots, 3 Gbps, SATA mode
Nov 25 18:29:44 shshimad kernel: [    1.021065] ahci 0000:00:0d.0: 1/1 ports implemented (port mask 0x1)
Nov 25 18:29:44 shshimad kernel: [    1.023534] ahci 0000:00:0d.0: flags: 64bit ncq stag only ccc 
Nov 25 18:29:44 shshimad kernel: [    1.027561] scsi host0: ahci
Nov 25 18:29:44 shshimad kernel: [    1.029014] ata1: SATA max UDMA/133 abar m8192@0xf0806000 port 0xf0806100 irq 21 lpm-pol 1
Nov 25 18:29:44 shshimad kernel: [    1.034152] scsi host1: ata_piix
Nov 25 18:29:44 shshimad kernel: [    1.037428] scsi host2: ata_piix
Nov 25 18:29:44 shshimad kernel: [    1.039098] ata2: PATA max UDMA/33 cmd 0x1f0 ctl 0x3f6 bmdma 0xd000 irq 14 lpm-pol 0
Nov 25 18:29:44 shshimad kernel: [    1.041272] ata3: PATA max UDMA/33 cmd 0x170 ctl 0x376 bmdma 0xd008 irq 15 lpm-pol 0
Nov 25 18:29:44 shshimad kernel: [    1.044561] e100: Intel(R) PRO/100 Network Driver
Nov 25 18:29:44 shshimad kernel: [    1.046438] e100: Copyright(c) 1999-2006 Intel Corporation
Nov 25 18:29:44 shshimad kernel: [    1.048468] e1000: Intel(R) PRO/1000 Network Driver
Nov 25 18:29:44 shshimad kernel: [    1.050308] e1000: Copyright (c) 1999-2006 Intel Corporation.
Nov 25 18:29:44 shshimad kernel: [    1.375438] ata1: SATA link up 3.0 Gbps (SStatus 123 SControl 300)
Nov 25 18:29:44 shshimad kernel: [    1.379725] ata1.00: ATA-6: VBOX HARDDISK, 1.0, max UDMA/133
Nov 25 18:29:44 shshimad kernel: [    1.382663] ata1.00: 52428800 sectors, multi 128: LBA48 NCQ (depth 32)
Nov 25 18:29:44 shshimad kernel: [    1.386605] ata1.00: configured for UDMA/133
Nov 25 18:29:44 shshimad kernel: [    1.390239] scsi 0:0:0:0: Direct-Access     ATA      VBOX HARDDISK    1.0  PQ: 0 ANSI: 5
Nov 25 18:29:44 shshimad kernel: [    1.393717] sd 0:0:0:0: Attached scsi generic sg0 type 0
Nov 25 18:29:44 shshimad kernel: [    1.395751] sd 0:0:0:0: [sda] 52428800 512-byte logical blocks: (26.8 GB/25.0 GiB)
Nov 25 18:29:44 shshimad kernel: [    1.398411] sd 0:0:0:0: [sda] Write Protect is off
Nov 25 18:29:44 shshimad kernel: [    1.400149] sd 0:0:0:0: [sda] Mode Sense: 00 3a 00 00
Nov 25 18:29:44 shshimad kernel: [    1.400188] sd 0:0:0:0: [sda] Write cache: enabled, read cache: enabled, doesn't support DPO or FUA
Nov 25 18:29:44 shshimad kernel: [    1.403715] sd 0:0:0:0: [sda] Preferred minimum I/O size 512 bytes
Nov 25 18:29:44 shshimad kernel: [    1.427624]  sda: sda1 sda2 sda3 sda4
Nov 25 18:29:44 shshimad kernel: [    1.429485] sd 0:0:0:0: [sda] Attached SCSI disk
Nov 25 18:29:44 shshimad kernel: [    1.576463] e1000 0000:00:03.0 eth0: (PCI:33MHz:32-bit) 08:00:27:9b:4a:80
Nov 25 18:29:44 shshimad kernel: [    1.578339] e1000 0000:00:03.0 eth0: Intel(R) PRO/1000 Network Connection
Nov 25 18:29:44 shshimad kernel: [    1.580394] e1000e: Intel(R) PRO/1000 Network Driver
Nov 25 18:29:44 shshimad kernel: [    1.582451] e1000e: Copyright(c) 1999 - 2015 Intel Corporation.
Nov 25 18:29:44 shshimad kernel: [    1.584646] sky2: driver version 1.30
Nov 25 18:29:44 shshimad kernel: [    1.587195] ehci-pci 0000:00:0b.0: EHCI Host Controller
Nov 25 18:29:44 shshimad kernel: [    1.590421] ehci-pci 0000:00:0b.0: new USB bus registered, assigned bus number 1
Nov 25 18:29:44 shshimad kernel: [    1.593842] ehci-pci 0000:00:0b.0: irq 19, io mem 0xf0805000
Nov 25 18:29:44 shshimad kernel: [    1.602635] ehci-pci 0000:00:0b.0: USB 2.0 started, EHCI 1.00
Nov 25 18:29:44 shshimad kernel: [    1.605091] usb usb1: New USB device found, idVendor=1d6b, idProduct=0002, bcdDevice= 6.18
Nov 25 18:29:44 shshimad kernel: [    1.608153] usb usb1: New USB device strings: Mfr=3, Product=2, SerialNumber=1
Nov 25 18:29:44 shshimad kernel: [    1.610468] usb usb1: Product: EHCI Host Controller
Nov 25 18:29:44 shshimad kernel: [    1.611911] usb usb1: Manufacturer: Linux 6.18.0-rc6-next-20251124 ehci_hcd
Nov 25 18:29:44 shshimad kernel: [    1.614151] usb usb1: SerialNumber: 0000:00:0b.0
Nov 25 18:29:44 shshimad kernel: [    1.616372] hub 1-0:1.0: USB hub found
Nov 25 18:29:44 shshimad kernel: [    1.617802] hub 1-0:1.0: 12 ports detected
Nov 25 18:29:44 shshimad kernel: [    1.620478] ohci-pci 0000:00:06.0: OHCI PCI host controller
Nov 25 18:29:44 shshimad kernel: [    1.623185] ohci-pci 0000:00:06.0: new USB bus registered, assigned bus number 2
Nov 25 18:29:44 shshimad kernel: [    1.626687] ohci-pci 0000:00:06.0: irq 22, io mem 0xf0804000
Nov 25 18:29:44 shshimad kernel: [    1.681268] usb usb2: New USB device found, idVendor=1d6b, idProduct=0001, bcdDevice= 6.18
Nov 25 18:29:44 shshimad kernel: [    1.683956] usb usb2: New USB device strings: Mfr=3, Product=2, SerialNumber=1
Nov 25 18:29:44 shshimad kernel: [    1.685858] usb usb2: Product: OHCI PCI host controller
Nov 25 18:29:44 shshimad kernel: [    1.688420] usb usb2: Manufacturer: Linux 6.18.0-rc6-next-20251124 ohci_hcd
Nov 25 18:29:44 shshimad kernel: [    1.690316] usb usb2: SerialNumber: 0000:00:06.0
Nov 25 18:29:44 shshimad kernel: [    1.692428] hub 2-0:1.0: USB hub found
Nov 25 18:29:44 shshimad kernel: [    1.693830] hub 2-0:1.0: 12 ports detected
Nov 25 18:29:44 shshimad kernel: [    1.696603] usbcore: registered new interface driver usblp
Nov 25 18:29:44 shshimad kernel: [    1.698325] usbcore: registered new interface driver usb-storage
Nov 25 18:29:44 shshimad kernel: [    1.700268] i8042: PNP: PS/2 Controller [PNP0303:PS2K,PNP0f03:PS2M] at 0x60,0x64 irq 1,12
Nov 25 18:29:44 shshimad kernel: [    1.704981] serio: i8042 KBD port at 0x60,0x64 irq 1
Nov 25 18:29:44 shshimad kernel: [    1.706436] serio: i8042 AUX port at 0x60,0x64 irq 12
Nov 25 18:29:44 shshimad kernel: [    1.713508] input: AT Translated Set 2 keyboard as /devices/platform/i8042/serio0/input/input3
Nov 25 18:29:44 shshimad kernel: [    1.716255] rtc_cmos rtc_cmos: registered as rtc0
Nov 25 18:29:44 shshimad kernel: [    1.718291] rtc_cmos rtc_cmos: alarms up to one day, 114 bytes nvram
Nov 25 18:29:44 shshimad kernel: [    1.720653] device-mapper: ioctl: 4.50.0-ioctl (2025-04-28) initialised: dm-devel@lists.linux.dev
Nov 25 18:29:44 shshimad kernel: [    1.723134] intel_pstate: CPU model not supported
Nov 25 18:29:44 shshimad kernel: [    1.725159] hid: raw HID events driver (C) Jiri Kosina
Nov 25 18:29:44 shshimad kernel: [    1.728606] usbcore: registered new interface driver usbhid
Nov 25 18:29:44 shshimad kernel: [    1.730459] usbhid: USB HID core driver
Nov 25 18:29:44 shshimad kernel: [    1.735993] vboxguest: host-version: 7.0.18r162988 0x8000000f
Nov 25 18:29:44 shshimad kernel: [    1.741339] vbg_heartbeat_init: Setting up heartbeat to trigger every 2000 milliseconds
Nov 25 18:29:44 shshimad kernel: [    1.744409] input: VirtualBox mouse integration as /devices/pci0000:00/0000:00:04.0/input/input6
Nov 25 18:29:44 shshimad kernel: [    1.764724] input: ImExPS/2 Generic Explorer Mouse as /devices/platform/i8042/serio1/input/input5
Nov 25 18:29:44 shshimad kernel: [    1.765126] Initializing XFRM netlink socket
Nov 25 18:29:44 shshimad kernel: [    1.769578] NET: Registered PF_INET6 protocol family
Nov 25 18:29:44 shshimad kernel: [    1.772225] Segment Routing with IPv6
Nov 25 18:29:44 shshimad kernel: [    1.773026] In-situ OAM (IOAM) with IPv6
Nov 25 18:29:44 shshimad kernel: [    1.773026] sit: IPv6, IPv4 and MPLS over IPv4 tunneling driver
Nov 25 18:29:44 shshimad kernel: [    1.773026] NET: Registered PF_PACKET protocol family
Nov 25 18:29:44 shshimad kernel: [    1.773026] 9pnet: Installing 9P2000 support
Nov 25 18:29:44 shshimad kernel: [    1.780130] Key type dns_resolver registered
Nov 25 18:29:44 shshimad kernel: [    1.782896] IPI shorthand broadcast: enabled
Nov 25 18:29:44 shshimad kernel: [    1.783627] sched_clock: Marking stable (1575651037, 206976859)->(1969050703, -186422807)
Nov 25 18:29:44 shshimad kernel: [    1.791503] registered taskstats version 1
Nov 25 18:29:44 shshimad kernel: [    1.793106] Loading compiled-in X.509 certificates
Nov 25 18:29:44 shshimad kernel: [    1.799672] Demotion targets for Node 0: null
Nov 25 18:29:44 shshimad kernel: [    1.802265] PM:   Magic number: 1:789:475
Nov 25 18:29:44 shshimad kernel: [    1.803499] netconsole: network logging started
Nov 25 18:29:44 shshimad kernel: [    1.804848] cfg80211: Loading compiled-in X.509 certificates for regulatory database
Nov 25 18:29:44 shshimad kernel: [    1.808998] kworker/u20:0 (82) used greatest stack depth: 14520 bytes left
Nov 25 18:29:44 shshimad kernel: [    1.812208] Loaded X.509 cert 'sforshee: 00b28ddf47aef9cea7'
Nov 25 18:29:44 shshimad kernel: [    1.814198] Loaded X.509 cert 'wens: 61c038651aabdcf94bd0ac7ff06c7248db18c600'
Nov 25 18:29:44 shshimad kernel: [    1.816453] faux_driver regulatory: Direct firmware load for regulatory.db failed with error -2
Nov 25 18:29:44 shshimad kernel: [    1.820243] ALSA device list:
Nov 25 18:29:44 shshimad kernel: [    1.820469] cfg80211: failed to load regulatory.db
Nov 25 18:29:44 shshimad kernel: [    1.822031]   No soundcards found.
Nov 25 18:29:44 shshimad kernel: [    1.825358] check access for rdinit=/init failed: -2, ignoring
Nov 25 18:29:44 shshimad kernel: [    1.827375] md: Waiting for all devices to be available before autodetect
Nov 25 18:29:44 shshimad kernel: [    1.830365] md: If you don't use raid, use raid=noautodetect
Nov 25 18:29:44 shshimad kernel: [    1.832487] md: Autodetecting RAID arrays.
Nov 25 18:29:44 shshimad kernel: [    1.834145] md: autorun ...
Nov 25 18:29:44 shshimad kernel: [    1.835251] md: ... autorun DONE.
Nov 25 18:29:44 shshimad kernel: [    1.842601] EXT4-fs (sda2): INFO: recovery required on readonly filesystem
Nov 25 18:29:44 shshimad kernel: [    1.844359] EXT4-fs (sda2): write access will be enabled during recovery
Nov 25 18:29:44 shshimad kernel: [    1.882102] EXT4-fs (sda2): recovery complete
Nov 25 18:29:44 shshimad kernel: [    1.884706] EXT4-fs (sda2): mounted filesystem a1540632-636c-41ac-b55c-a879c7879588 ro with ordered data mode. Quota mode: none.
Nov 25 18:29:44 shshimad kernel: [    1.887782] VFS: Mounted root (ext4 filesystem) readonly on device 8:2.
Nov 25 18:29:44 shshimad kernel: [    1.890382] devtmpfs: mounted
Nov 25 18:29:44 shshimad kernel: [    1.892589] Freeing unused kernel image (initmem) memory: 2916K
Nov 25 18:29:44 shshimad kernel: [    1.894392] Write protecting the kernel read-only data: 28672k
Nov 25 18:29:44 shshimad kernel: [    1.897207] Freeing unused kernel image (text/rodata gap) memory: 1960K
Nov 25 18:29:44 shshimad kernel: [    1.899913] Freeing unused kernel image (rodata/data gap) memory: 464K
Nov 25 18:29:44 shshimad kernel: [    1.949261] x86/mm: Checked W+X mappings: passed, no W+X pages found.
Nov 25 18:29:44 shshimad kernel: [    1.951051] x86/mm: Checking user space page tables
Nov 25 18:29:44 shshimad kernel: [    1.989147] usb 2-1: new full-speed USB device number 2 using ohci-pci
Nov 25 18:29:44 shshimad kernel: [    2.001573] x86/mm: Checked W+X mappings: passed, no W+X pages found.
Nov 25 18:29:44 shshimad kernel: [    2.003769] Run /sbin/init as init process
Nov 25 18:29:44 shshimad kernel: [    2.005513]   with arguments:
Nov 25 18:29:44 shshimad kernel: [    2.005516]     /sbin/init
Nov 25 18:29:44 shshimad kernel: [    2.005523]   with environment:
Nov 25 18:29:44 shshimad kernel: [    2.005524]     HOME=/
Nov 25 18:29:44 shshimad kernel: [    2.005525]     TERM=linux
Nov 25 18:29:44 shshimad kernel: [    2.090580] stty (92) used greatest stack depth: 12400 bytes left
Nov 25 18:29:44 shshimad kernel: [    2.150286] mountpoint (99) used greatest stack depth: 12104 bytes left
Nov 25 18:29:44 shshimad kernel: [    2.224064] usb 2-1: New USB device found, idVendor=80ee, idProduct=0021, bcdDevice= 1.00
Nov 25 18:29:44 shshimad kernel: [    2.224076] usb 2-1: New USB device strings: Mfr=1, Product=3, SerialNumber=0
Nov 25 18:29:44 shshimad kernel: [    2.224079] usb 2-1: Product: USB Tablet
Nov 25 18:29:44 shshimad kernel: [    2.224080] usb 2-1: Manufacturer: VirtualBox
Nov 25 18:29:44 shshimad kernel: [    2.236910] input: VirtualBox USB Tablet as /devices/pci0000:00/0000:00:06.0/usb2/2-1/2-1:1.0/0003:80EE:0021.0001/input/input7
Nov 25 18:29:44 shshimad kernel: [    2.237397] hid-generic 0003:80EE:0021.0001: input,hidraw0: USB HID v1.10 Mouse [VirtualBox USB Tablet] on usb-0000:00:06.0-1/input0
Nov 25 18:29:44 shshimad kernel: <30>[    2.358257] udevd[181]: starting version 3.2.5
Nov 25 18:29:44 shshimad kernel: <30>[    2.402089] udevd[182]: starting eudev-3.2.5
Nov 25 18:29:44 shshimad kernel: [    2.478822] e1000 0000:00:03.0 enp0s3: renamed from eth0
Nov 25 18:29:44 shshimad kernel: [    3.244227] Adding 4979708k swap on /dev/sda4.  Priority:1 extents:1 across:4979708k 
Nov 25 18:29:44 shshimad kernel: [    3.285659] EXT4-fs (sda2): re-mounted a1540632-636c-41ac-b55c-a879c7879588.
Nov 25 18:29:44 shshimad kernel: [    3.424250] EXT4-fs (sda2): re-mounted a1540632-636c-41ac-b55c-a879c7879588 r/w.
Nov 25 18:29:44 shshimad kernel: [    3.452271] EXT4-fs (sda1): mounted filesystem 937b3c27-b75e-40cc-85a2-cf99717d37e2 r/w with ordered data mode. Quota mode: none.
Nov 25 18:29:44 shshimad kernel: [    3.452290] ext4 filesystem being mounted at /boot supports timestamps until 2038-01-19 (0x7fffffff)
Nov 25 18:29:44 shshimad kernel: [    3.456966] EXT4-fs (sda3): mounted filesystem 53b5c29e-4a84-443c-9b88-9eab2e834f4f r/w with ordered data mode. Quota mode: none.
Nov 25 18:29:44 shshimad kernel: [    4.726484] e1000: enp0s3 NIC Link is Up 1000 Mbps Full Duplex, Flow Control: RX
